 zlibwapi

 Timestamp is 6284d909 (Wed May 18 04:31:21 2022)

 Preferred load address is 0000000180000000

 Start         Length     Name                   Class
 0001:00000000 00012230H .text$mn                CODE
 0001:00012230 00000036H .text$mn$00             CODE
 0001:00012266 00000092H .text$x                 CODE
 0002:00000000 00000250H .idata$5                DATA
 0002:00000250 00000038H .00cfg                  DATA
 0002:00000288 00000008H .CRT$XCA                DATA
 0002:00000290 00000008H .CRT$XCZ                DATA
 0002:00000298 00000008H .CRT$XIA                DATA
 0002:000002a0 00000008H .CRT$XIZ                DATA
 0002:000002a8 00000008H .CRT$XPA                DATA
 0002:000002b0 00000008H .CRT$XPZ                DATA
 0002:000002b8 00000008H .CRT$XTA                DATA
 0002:000002c0 00000010H .CRT$XTZ                DATA
 0002:000002c8 00000000H .gehcont$y              DATA
 0002:000002c8 00000000H .gfids$y                DATA
 0002:000002d0 00004d30H .rdata                  DATA
 0002:00005000 00000080H .rdata$CastGuardVftablesA DATA
 0002:00005080 00000080H .rdata$CastGuardVftablesC DATA
 0002:00005100 00000078H .rdata$voltmd           DATA
 0002:00005178 00000340H .rdata$zzzdbg           DATA
 0002:000054b8 00000008H .rtc$IAA                DATA
 0002:000054c0 00000008H .rtc$IZZ                DATA
 0002:000054c8 00000008H .rtc$TAA                DATA
 0002:000054d0 00000008H .rtc$TZZ                DATA
 0002:000054d8 00001808H .xdata                  DATA
 0002:00006ce0 00000d50H .edata                  DATA
 0002:00007a30 000000a0H .idata$2                DATA
 0002:00007ad0 00000018H .idata$3                DATA
 0002:00007ae8 00000250H .idata$4                DATA
 0002:00007d38 0000052cH .idata$6                DATA
 0003:00000000 00000040H .data                   DATA
 0003:00000040 000000a0H .bss                    DATA
 0004:00000000 00001158H .pdata                  DATA
 0005:00000000 00000060H .rsrc$01                DATA
 0005:00000060 00000338H .rsrc$02                DATA

  Address         Publics by Value              Rva+Base               Lib:Object

 0000:00000000       __guard_longjmp_table      0000000000000000     <absolute>
 0000:00000000       __AbsoluteZero             0000000000000000     <absolute>
 0000:00000000       __x64_code_ranges_to_entry_points 0000000000000000     <absolute>
 0000:00000000       ___safe_se_handler_table   0000000000000000     <absolute>
 0000:00000000       __guard_longjmp_count      0000000000000000     <absolute>
 0000:00000000       __dynamic_value_reloc_table 0000000000000000     <absolute>
 0000:00000000       __guard_fids_count         0000000000000000     <absolute>
 0000:00000000       __guard_iat_table          0000000000000000     <absolute>
 0000:00000000       __x64_code_ranges_to_entry_points_count 0000000000000000     <absolute>
 0000:00000000       __hybrid_auxiliary_iat_copy 0000000000000000     <absolute>
 0000:00000000       __guard_check_icall_a64n_fptr 0000000000000000     <absolute>
 0000:00000000       __guard_iat_count          0000000000000000     <absolute>
 0000:00000000       __arm64x_extra_rfe_table   0000000000000000     <absolute>
 0000:00000000       __hybrid_code_map_count    0000000000000000     <absolute>
 0000:00000000       __guard_fids_table         0000000000000000     <absolute>
 0000:00000000       __hybrid_code_map          0000000000000000     <absolute>
 0000:00000000       __arm64x_extra_rfe_table_size 0000000000000000     <absolute>
 0000:00000000       __hybrid_auxiliary_iat     0000000000000000     <absolute>
 0000:00000000       ___safe_se_handler_count   0000000000000000     <absolute>
 0000:00000000       __guard_eh_cont_count      0000000000000000     <absolute>
 0000:00000000       __arm64x_redirection_metadata_count 0000000000000000     <absolute>
 0000:00000000       __enclave_config           0000000000000000     <absolute>
 0000:00000000       __arm64x_redirection_metadata 0000000000000000     <absolute>
 0000:00000000       __guard_eh_cont_table      0000000000000000     <absolute>
 0000:00000000       __arm64x_native_entrypoint 0000000000000000     <absolute>
 0000:00000100       __guard_flags              0000000000000100     <absolute>
 0000:00000000       __ImageBase                0000000180000000     <linker-defined>
 0001:00000000       adler32_z                  0000000180001000 f   adler32.obj
 0001:000002e0       adler32                    00000001800012e0 f   adler32.obj
 0001:000003d0       adler32_combine            00000001800013d0 f   adler32.obj
 0001:000003e0       compress2                  00000001800013e0 f   compress.obj
 0001:000004e0       compress                   00000001800014e0 f   compress.obj
 0001:00000500       compressBound              0000000180001500 f   compress.obj
 0001:000005c0       get_crc_table              00000001800015c0 f   crc32.obj
 0001:00000650       crc32_z                    0000000180001650 f   crc32.obj
 0001:00000a10       crc32                      0000000180001a10 f   crc32.obj
 0001:00000a20       crc32_combine64            0000000180001a20 f   crc32.obj
 0001:00000a50       crc32_combine              0000000180001a50 f   crc32.obj
 0001:00000a60       crc32_combine_gen64        0000000180001a60 f   crc32.obj
 0001:00000a70       crc32_combine_gen          0000000180001a70 f   crc32.obj
 0001:00000a80       crc32_combine_op           0000000180001a80 f   crc32.obj
 0001:00000b20       deflateInit_               0000000180001b20 f   deflate.obj
 0001:00000b60       deflateInit2_              0000000180001b60 f   deflate.obj
 0001:00000e40       deflateSetDictionary       0000000180001e40 f   deflate.obj
 0001:00001030       deflateGetDictionary       0000000180002030 f   deflate.obj
 0001:000010b0       deflateResetKeep           00000001800020b0 f   deflate.obj
 0001:00001150       deflateReset               0000000180002150 f   deflate.obj
 0001:00001180       deflateSetHeader           0000000180002180 f   deflate.obj
 0001:000011c0       deflatePending             00000001800021c0 f   deflate.obj
 0001:00001210       deflatePrime               0000000180002210 f   deflate.obj
 0001:000012d0       deflateParams              00000001800022d0 f   deflate.obj
 0001:00001450       deflateTune                0000000180002450 f   deflate.obj
 0001:000014a0       deflateBound               00000001800024a0 f   deflate.obj
 0001:00001670       deflate                    0000000180002670 f   deflate.obj
 0001:00001fd0       deflateEnd                 0000000180002fd0 f   deflate.obj
 0001:00002080       deflateCopy                0000000180003080 f   deflate.obj
 0001:00003b10       gzclose                    0000000180004b10 f   gzclose.obj
 0001:00003b30       __local_stdio_printf_options 0000000180004b30 f i gzlib.obj
 0001:00003b40       vsnprintf                  0000000180004b40 f i gzlib.obj
 0001:00003bb0       snprintf                   0000000180004bb0 f i gzlib.obj
 0001:00003f90       gzopen                     0000000180004f90 f   gzlib.obj
 0001:00003fa0       gzdopen                    0000000180004fa0 f   gzlib.obj
 0001:00004030       gzopen_w                   0000000180005030 f   gzlib.obj
 0001:00004040       gzbuffer                   0000000180005040 f   gzlib.obj
 0001:00004080       gzrewind                   0000000180005080 f   gzlib.obj
 0001:000040e0       gzseek64                   00000001800050e0 f   gzlib.obj
 0001:00004230       gzseek                     0000000180005230 f   gzlib.obj
 0001:00004260       gztell64                   0000000180005260 f   gzlib.obj
 0001:000042a0       gztell                     00000001800052a0 f   gzlib.obj
 0001:000042c0       gzoffset64                 00000001800052c0 f   gzlib.obj
 0001:00004320       gzoffset                   0000000180005320 f   gzlib.obj
 0001:00004340       gzeof                      0000000180005340 f   gzlib.obj
 0001:00004360       gzerror                    0000000180005360 f   gzlib.obj
 0001:000043b0       gzclearerr                 00000001800053b0 f   gzlib.obj
 0001:000043f0       gz_error                   00000001800053f0 f   gzlib.obj
 0001:00004bc0       gzread                     0000000180005bc0 f   gzread.obj
 0001:00004c30       gzfread                    0000000180005c30 f   gzread.obj
 0001:00004cb0       gzgetc                     0000000180005cb0 f   gzread.obj
 0001:00004d30       gzgetc_                    0000000180005d30 f   gzread.obj
 0001:00004d40       gzungetc                   0000000180005d40 f   gzread.obj
 0001:00004e60       gzgets                     0000000180005e60 f   gzread.obj
 0001:00004fa0       gzdirect                   0000000180005fa0 f   gzread.obj
 0001:00004fe0       gzclose_r                  0000000180005fe0 f   gzread.obj
 0001:00005560       gzwrite                    0000000180006560 f   gzwrite.obj
 0001:000055b0       gzfwrite                   00000001800065b0 f   gzwrite.obj
 0001:00005630       gzputc                     0000000180006630 f   gzwrite.obj
 0001:00005700       gzputs                     0000000180006700 f   gzwrite.obj
 0001:00005790       gzvprintf                  0000000180006790 f   gzwrite.obj
 0001:00005920       gzprintf                   0000000180006920 f   gzwrite.obj
 0001:00005950       gzflush                    0000000180006950 f   gzwrite.obj
 0001:000059c0       gzsetparams                00000001800069c0 f   gzwrite.obj
 0001:00005a80       gzclose_w                  0000000180006a80 f   gzwrite.obj
 0001:00005b50       inflateBackInit_           0000000180006b50 f   infback.obj
 0001:00005ca0       inflateBack                0000000180006ca0 f   infback.obj
 0001:00006bb0       inflateBackEnd             0000000180007bb0 f   infback.obj
 0001:00006c00       inflate_fast               0000000180007c00 f   inffast.obj
 0001:00007140       inflateResetKeep           0000000180008140 f   inflate.obj
 0001:000071e0       inflateReset               00000001800081e0 f   inflate.obj
 0001:00007210       inflateReset2              0000000180008210 f   inflate.obj
 0001:000072b0       inflateInit2_              00000001800082b0 f   inflate.obj
 0001:000073b0       inflateInit_               00000001800083b0 f   inflate.obj
 0001:000073c0       inflatePrime               00000001800083c0 f   inflate.obj
 0001:00007560       inflate                    0000000180008560 f   inflate.obj
 0001:00008d70       inflateEnd                 0000000180009d70 f   inflate.obj
 0001:00008dd0       inflateGetDictionary       0000000180009dd0 f   inflate.obj
 0001:00008e60       inflateSetDictionary       0000000180009e60 f   inflate.obj
 0001:00008f20       inflateGetHeader           0000000180009f20 f   inflate.obj
 0001:00008fd0       inflateSync                0000000180009fd0 f   inflate.obj
 0001:00009120       inflateSyncPoint           000000018000a120 f   inflate.obj
 0001:00009160       inflateCopy                000000018000a160 f   inflate.obj
 0001:00009310       inflateUndermine           000000018000a310 f   inflate.obj
 0001:00009340       inflateValidate            000000018000a340 f   inflate.obj
 0001:00009380       inflateMark                000000018000a380 f   inflate.obj
 0001:000093f0       inflateCodesUsed           000000018000a3f0 f   inflate.obj
 0001:00009430       inflate_table              000000018000a430 f   inftrees.obj
 0001:000099f0       call_zopen64               000000018000a9f0 f   ioapi.obj
 0001:00009a10       call_zseek64               000000018000aa10 f   ioapi.obj
 0001:00009a40       call_ztell64               000000018000aa40 f   ioapi.obj
 0001:00009a80       fill_zlib_filefunc64_32_def_from_filefunc32 000000018000aa80 f   ioapi.obj
 0001:00009cb0       fill_fopen64_filefunc      000000018000acb0 f   ioapi.obj
 0001:00009de0       win32_open64_file_func     000000018000ade0 f   iowin32.obj
 0001:00009e60       win32_open64_file_funcA    000000018000ae60 f   iowin32.obj
 0001:00009ee0       win32_open64_file_funcW    000000018000aee0 f   iowin32.obj
 0001:00009f60       win32_open_file_func       000000018000af60 f   iowin32.obj
 0001:00009fe0       win32_read_file_func       000000018000afe0 f   iowin32.obj
 0001:0000a050       win32_write_file_func      000000018000b050 f   iowin32.obj
 0001:0000a130       win32_tell_file_func       000000018000b130 f   iowin32.obj
 0001:0000a190       win32_tell64_file_func     000000018000b190 f   iowin32.obj
 0001:0000a1f0       win32_seek_file_func       000000018000b1f0 f   iowin32.obj
 0001:0000a270       win32_seek64_file_func     000000018000b270 f   iowin32.obj
 0001:0000a2f0       win32_close_file_func      000000018000b2f0 f   iowin32.obj
 0001:0000a330       win32_error_file_func      000000018000b330 f   iowin32.obj
 0001:0000a340       fill_win32_filefunc        000000018000b340 f   iowin32.obj
 0001:0000a3a0       fill_win32_filefunc64      000000018000b3a0 f   iowin32.obj
 0001:0000a400       fill_win32_filefunc64A     000000018000b400 f   iowin32.obj
 0001:0000a460       fill_win32_filefunc64W     000000018000b460 f   iowin32.obj
 0001:0000a4d0       _tr_init                   000000018000b4d0 f   trees.obj
 0001:0000b760       _tr_stored_block           000000018000c760 f   trees.obj
 0001:0000b870       _tr_flush_bits             000000018000c870 f   trees.obj
 0001:0000b880       _tr_align                  000000018000c880 f   trees.obj
 0001:0000b970       _tr_flush_block            000000018000c970 f   trees.obj
 0001:0000c190       uncompress2                000000018000d190 f   uncompr.obj
 0001:0000c2f0       uncompress                 000000018000d2f0 f   uncompr.obj
 0001:0000c6c0       unzStringFileNameCompare   000000018000d6c0 f   unzip.obj
 0001:0000cef0       unzOpen2                   000000018000def0 f   unzip.obj
 0001:0000cf40       unzOpen2_64                000000018000df40 f   unzip.obj
 0001:0000cfa0       unzOpen                    000000018000dfa0 f   unzip.obj
 0001:0000cfb0       unzOpen64                  000000018000dfb0 f   unzip.obj
 0001:0000cfc0       unzClose                   000000018000dfc0 f   unzip.obj
 0001:0000d010       unzGetGlobalInfo64         000000018000e010 f   unzip.obj
 0001:0000d030       unzGetGlobalInfo           000000018000e030 f   unzip.obj
 0001:0000d630       unzGetCurrentFileInfo64    000000018000e630 f   unzip.obj
 0001:0000d680       unzGetCurrentFileInfo      000000018000e680 f   unzip.obj
 0001:0000d780       unzGoToFirstFile           000000018000e780 f   unzip.obj
 0001:0000d800       unzGoToNextFile            000000018000e800 f   unzip.obj
 0001:0000d8c0       unzLocateFile              000000018000e8c0 f   unzip.obj
 0001:0000dab0       unzGetFilePos64            000000018000eab0 f   unzip.obj
 0001:0000daf0       unzGetFilePos              000000018000eaf0 f   unzip.obj
 0001:0000db20       unzGoToFilePos64           000000018000eb20 f   unzip.obj
 0001:0000dba0       unzGoToFilePos             000000018000eba0 f   unzip.obj
 0001:0000de00       unzOpenCurrentFile3        000000018000ee00 f   unzip.obj
 0001:0000e090       unzOpenCurrentFile         000000018000f090 f   unzip.obj
 0001:0000e0b0       unzOpenCurrentFilePassword 000000018000f0b0 f   unzip.obj
 0001:0000e0d0       unzOpenCurrentFile2        000000018000f0d0 f   unzip.obj
 0001:0000e0f0       unzGetCurrentFileZStreamPos64 000000018000f0f0 f   unzip.obj
 0001:0000e110       unzReadCurrentFile         000000018000f110 f   unzip.obj
 0001:0000e3d0       unztell                    000000018000f3d0 f   unzip.obj
 0001:0000e3f0       unztell64                  000000018000f3f0 f   unzip.obj
 0001:0000e420       unzeof                     000000018000f420 f   unzip.obj
 0001:0000e450       unzGetLocalExtrafield      000000018000f450 f   unzip.obj
 0001:0000e540       unzCloseCurrentFile        000000018000f540 f   unzip.obj
 0001:0000e600       unzGetGlobalComment        000000018000f600 f   unzip.obj
 0001:0000f600       zipOpen3                   0000000180010600 f   zip.obj
 0001:0000f7a0       zipOpen2                   00000001800107a0 f   zip.obj
 0001:0000f7f0       zipOpen2_64                00000001800107f0 f   zip.obj
 0001:0000f850       zipOpen                    0000000180010850 f   zip.obj
 0001:0000f860       zipOpen64                  0000000180010860 f   zip.obj
 0001:0000fad0       zipOpenNewFileInZip4_64    0000000180010ad0 f   zip.obj
 0001:00010070       zipOpenNewFileInZip3       0000000180011070 f   zip.obj
 0001:00010120       zipOpenNewFileInZip3_64    0000000180011120 f   zip.obj
 0001:000101e0       zipOpenNewFileInZip2       00000001800111e0 f   zip.obj
 0001:00010270       zipOpenNewFileInZip2_64    0000000180011270 f   zip.obj
 0001:00010310       zipOpenNewFileInZip64      0000000180011310 f   zip.obj
 0001:000103a0       zipOpenNewFileInZip        00000001800113a0 f   zip.obj
 0001:00010510       zipWriteInFileInZip        0000000180011510 f   zip.obj
 0001:00010690       zipCloseFileInZipRaw       0000000180011690 f   zip.obj
 0001:000106a0       zipCloseFileInZipRaw64     00000001800116a0 f   zip.obj
 0001:00010b20       zipCloseFileInZip          0000000180011b20 f   zip.obj
 0001:00010ea0       zipClose                   0000000180011ea0 f   zip.obj
 0001:00011010       zlibVersion                0000000180012010 f   zutil.obj
 0001:00011020       zlibCompileFlags           0000000180012020 f   zutil.obj
 0001:00011030       zError                     0000000180012030 f   zutil.obj
 0001:00011050       zcalloc                    0000000180012050 f   zutil.obj
 0001:00011060       zcfree                     0000000180012060 f   zutil.obj
 0001:0001106a       ReadFile                   000000018001206a f   kernel32:KERNEL32.dll
 0001:00011070       WriteFile                  0000000180012070 f   kernel32:KERNEL32.dll
 0001:00011076       SetFilePointer             0000000180012076 f   kernel32:KERNEL32.dll
 0001:0001107c       CreateFileW                000000018001207c f   kernel32:KERNEL32.dll
 0001:00011082       GetLastError               0000000180012082 f   kernel32:KERNEL32.dll
 0001:00011088       CreateFileA                0000000180012088 f   kernel32:KERNEL32.dll
 0001:0001108e       CloseHandle                000000018001208e f   kernel32:KERNEL32.dll
 0001:000113d0       _CRT_INIT                  00000001800123d0 f   MSVCRT:dll_dllmain.obj
 0001:000113d8       _DllMainCRTStartup         00000001800123d8 f   MSVCRT:dll_dllmain.obj
 0001:00011484       __security_init_cookie     0000000180012484 f   MSVCRT:gs_support.obj
 0001:00011530       DllMain                    0000000180012530 f   MSVCRT:dll_dllmain_stub.obj
 0001:00011554       ?__scrt_initialize_type_info@@YAXXZ 0000000180012554 f   MSVCRT:tncleanup.obj
 0001:00011564       ?__scrt_uninitialize_type_info@@YAXXZ 0000000180012564 f   MSVCRT:tncleanup.obj
 0001:00011570       __local_stdio_scanf_options 0000000180012570 f i MSVCRT:default_local_stdio_options.obj
 0001:00011578       __scrt_initialize_default_local_stdio_options 0000000180012578 f   MSVCRT:default_local_stdio_options.obj
 0001:00011594       ?configure_argv@__scrt_narrow_argv_policy@@SAHXZ 0000000180012594 f i MSVCRT:utility.obj
 0001:000115f4       ?initialize_environment@__scrt_narrow_environment_policy@@SAHXZ 00000001800125f4 f i MSVCRT:utility.obj
 0001:0001162c       NtCurrentTeb               000000018001262c f i MSVCRT:utility.obj
 0001:00011638       __scrt_acquire_startup_lock 0000000180012638 f   MSVCRT:utility.obj
 0001:00011674       __scrt_dllmain_after_initialize_c 0000000180012674 f   MSVCRT:utility.obj
 0001:000116a8       __scrt_dllmain_before_initialize_c 00000001800126a8 f   MSVCRT:utility.obj
 0001:000116c0       __scrt_dllmain_crt_thread_attach 00000001800126c0 f   MSVCRT:utility.obj
 0001:000116e8       __scrt_dllmain_crt_thread_detach 00000001800126e8 f   MSVCRT:utility.obj
 0001:00011700       __scrt_dllmain_exception_filter 0000000180012700 f   MSVCRT:utility.obj
 0001:00011760       __scrt_dllmain_uninitialize_c 0000000180012760 f   MSVCRT:utility.obj
 0001:00011790       __scrt_dllmain_uninitialize_critical 0000000180012790 f   MSVCRT:utility.obj
 0001:000117a4       __scrt_initialize_crt      00000001800127a4 f   MSVCRT:utility.obj
 0001:000117f0       __scrt_initialize_onexit_tables 00000001800127f0 f   MSVCRT:utility.obj
 0001:0001187c       __scrt_is_nonwritable_in_current_image 000000018001287c f   MSVCRT:utility.obj
 0001:00011914       __scrt_release_startup_lock 0000000180012914 f   MSVCRT:utility.obj
 0001:00011938       __scrt_uninitialize_crt    0000000180012938 f   MSVCRT:utility.obj
 0001:00011964       _onexit                    0000000180012964 f   MSVCRT:utility.obj
 0001:000119a0       at_quick_exit              00000001800129a0 f   MSVCRT:utility.obj
 0001:000119c0       atexit                     00000001800129c0 f   MSVCRT:utility.obj
 0001:000119d8       __scrt_get_dyn_tls_init_callback 00000001800129d8 f   MSVCRT:dyn_tls_init.obj
 0001:000119e0       __crt_debugger_hook        00000001800129e0 f   MSVCRT:utility_desktop.obj
 0001:000119e8       __scrt_fastfail            00000001800129e8 f   MSVCRT:utility_desktop.obj
 0001:00011b34       __scrt_get_show_window_mode 0000000180012b34 f   MSVCRT:utility_desktop.obj
 0001:00011b70       __scrt_initialize_mta      0000000180012b70 f   MSVCRT:utility_desktop.obj
 0001:00011b78       __scrt_initialize_winrt    0000000180012b78 f   MSVCRT:utility_desktop.obj
 0001:00011b7c       __scrt_is_managed_app      0000000180012b7c f   MSVCRT:utility_desktop.obj
 0001:00011bd0       __scrt_set_unhandled_exception_filter 0000000180012bd0 f   MSVCRT:utility_desktop.obj
 0001:00011be0       __scrt_stub_for_initialize_mta 0000000180012be0 f   MSVCRT:utility_desktop.obj
 0001:00011be0       __scrt_exe_initialize_mta  0000000180012be0 f   MSVCRT:utility_desktop.obj
 0001:00011be4       __scrt_unhandled_exception_filter 0000000180012be4 f   MSVCRT:utility_desktop.obj
 0001:00011c40       _RTC_Initialize            0000000180012c40 f   MSVCRT:initsect.obj
 0001:00011c7c       _RTC_Terminate             0000000180012c7c f   MSVCRT:initsect.obj
 0001:00011cb8       _guard_check_icall_nop     0000000180012cb8 f i MSVCRT:guard_support.obj
 0001:00011cbc       ReadNoFence64              0000000180012cbc f i MSVCRT:guard_support.obj
 0001:00011cc0       ReadPointerNoFence         0000000180012cc0 f i MSVCRT:guard_support.obj
 0001:00011cc4       __castguard_check_failure_debugbreak 0000000180012cc4 f i MSVCRT:guard_support.obj
 0001:00011ce0       __castguard_check_failure_fastfail 0000000180012ce0 f i MSVCRT:guard_support.obj
 0001:00011d04       __castguard_check_failure_nop 0000000180012d04 f i MSVCRT:guard_support.obj
 0001:00011d08       __castguard_check_failure_os_handled 0000000180012d08 f i MSVCRT:guard_support.obj
 0001:00011d84       __castguard_slow_path_check_debugbreak 0000000180012d84 f i MSVCRT:guard_support.obj
 0001:00011db8       __castguard_slow_path_check_fastfail 0000000180012db8 f i MSVCRT:guard_support.obj
 0001:00011df4       __castguard_slow_path_check_nop 0000000180012df4 f i MSVCRT:guard_support.obj
 0001:00011df8       __castguard_slow_path_check_os_handled 0000000180012df8 f i MSVCRT:guard_support.obj
 0001:00011e68       _guard_icall_checks_enforced 0000000180012e68 f i MSVCRT:guard_support.obj
 0001:00011e80       _guard_rf_checks_enforced  0000000180012e80 f i MSVCRT:guard_support.obj
 0001:00011e84       __isa_available_init       0000000180012e84 f   MSVCRT:cpu_disp.obj
 0001:00012030       _get_startup_argv_mode     0000000180013030 f   MSVCRT:argv_mode.obj
 0001:00012038       __scrt_is_ucrt_dll_in_use  0000000180013038 f   MSVCRT:ucrt_detection.obj
 0001:00012050       __C_specific_handler       0000000180013050 f   vcruntime:VCRUNTIME140.dll
 0001:00012056       __std_type_info_destroy_list 0000000180013056 f   vcruntime:VCRUNTIME140.dll
 0001:0001205c       __current_exception        000000018001305c f   vcruntime:VCRUNTIME140.dll
 0001:00012062       __current_exception_context 0000000180013062 f   vcruntime:VCRUNTIME140.dll
 0001:00012068       memset                     0000000180013068 f   vcruntime:VCRUNTIME140.dll
 0001:0001206e       _lseeki64                  000000018001306e f   ucrt:api-ms-win-crt-stdio-l1-1-0.dll
 0001:00012074       _wopen                     0000000180013074 f   ucrt:api-ms-win-crt-stdio-l1-1-0.dll
 0001:0001207a       _open                      000000018001307a f   ucrt:api-ms-win-crt-stdio-l1-1-0.dll
 0001:00012080       wcstombs                   0000000180013080 f   ucrt:api-ms-win-crt-convert-l1-1-0.dll
 0001:00012086       __stdio_common_vsprintf    0000000180013086 f   ucrt:api-ms-win-crt-stdio-l1-1-0.dll
 0001:0001208c       free                       000000018001308c f   ucrt:api-ms-win-crt-heap-l1-1-0.dll
 0001:00012092       malloc                     0000000180013092 f   ucrt:api-ms-win-crt-heap-l1-1-0.dll
 0001:00012098       _read                      0000000180013098 f   ucrt:api-ms-win-crt-stdio-l1-1-0.dll
 0001:0001209e       _close                     000000018001309e f   ucrt:api-ms-win-crt-stdio-l1-1-0.dll
 0001:000120a4       _errno                     00000001800130a4 f   ucrt:api-ms-win-crt-runtime-l1-1-0.dll
 0001:000120aa       strerror                   00000001800130aa f   ucrt:api-ms-win-crt-runtime-l1-1-0.dll
 0001:000120b0       _write                     00000001800130b0 f   ucrt:api-ms-win-crt-stdio-l1-1-0.dll
 0001:000120b6       ftell                      00000001800130b6 f   ucrt:api-ms-win-crt-stdio-l1-1-0.dll
 0001:000120bc       ferror                     00000001800130bc f   ucrt:api-ms-win-crt-stdio-l1-1-0.dll
 0001:000120c2       fopen                      00000001800130c2 f   ucrt:api-ms-win-crt-stdio-l1-1-0.dll
 0001:000120c8       fclose                     00000001800130c8 f   ucrt:api-ms-win-crt-stdio-l1-1-0.dll
 0001:000120ce       fseek                      00000001800130ce f   ucrt:api-ms-win-crt-stdio-l1-1-0.dll
 0001:000120d4       fwrite                     00000001800130d4 f   ucrt:api-ms-win-crt-stdio-l1-1-0.dll
 0001:000120da       _ftelli64                  00000001800130da f   ucrt:api-ms-win-crt-stdio-l1-1-0.dll
 0001:000120e0       fread                      00000001800130e0 f   ucrt:api-ms-win-crt-stdio-l1-1-0.dll
 0001:000120e6       _fseeki64                  00000001800130e6 f   ucrt:api-ms-win-crt-stdio-l1-1-0.dll
 0001:000120ec       srand                      00000001800130ec f   ucrt:api-ms-win-crt-utility-l1-1-0.dll
 0001:000120f2       rand                       00000001800130f2 f   ucrt:api-ms-win-crt-utility-l1-1-0.dll
 0001:000120f8       _time64                    00000001800130f8 f   ucrt:api-ms-win-crt-time-l1-1-0.dll
 0001:000120fe       _initterm                  00000001800130fe f   ucrt:api-ms-win-crt-runtime-l1-1-0.dll
 0001:00012104       _initterm_e                0000000180013104 f   ucrt:api-ms-win-crt-runtime-l1-1-0.dll
 0001:0001210a       _seh_filter_dll            000000018001310a f   ucrt:api-ms-win-crt-runtime-l1-1-0.dll
 0001:00012110       _configure_narrow_argv     0000000180013110 f   ucrt:api-ms-win-crt-runtime-l1-1-0.dll
 0001:00012116       _initialize_narrow_environment 0000000180013116 f   ucrt:api-ms-win-crt-runtime-l1-1-0.dll
 0001:0001211c       _initialize_onexit_table   000000018001311c f   ucrt:api-ms-win-crt-runtime-l1-1-0.dll
 0001:00012122       _register_onexit_function  0000000180013122 f   ucrt:api-ms-win-crt-runtime-l1-1-0.dll
 0001:00012128       _execute_onexit_table      0000000180013128 f   ucrt:api-ms-win-crt-runtime-l1-1-0.dll
 0001:0001212e       _crt_atexit                000000018001312e f   ucrt:api-ms-win-crt-runtime-l1-1-0.dll
 0001:00012134       _crt_at_quick_exit         0000000180013134 f   ucrt:api-ms-win-crt-runtime-l1-1-0.dll
 0001:0001213a       _cexit                     000000018001313a f   ucrt:api-ms-win-crt-runtime-l1-1-0.dll
 0001:00012140       terminate                  0000000180013140 f   ucrt:api-ms-win-crt-runtime-l1-1-0.dll
 0001:00012146       QueryPerformanceCounter    0000000180013146 f   kernel32:KERNEL32.dll
 0001:0001214c       GetCurrentProcessId        000000018001314c f   kernel32:KERNEL32.dll
 0001:00012152       GetCurrentThreadId         0000000180013152 f   kernel32:KERNEL32.dll
 0001:00012158       GetSystemTimeAsFileTime    0000000180013158 f   kernel32:KERNEL32.dll
 0001:0001215e       DisableThreadLibraryCalls  000000018001315e f   kernel32:KERNEL32.dll
 0001:00012164       InitializeSListHead        0000000180013164 f   kernel32:KERNEL32.dll
 0001:0001216a       RtlCaptureContext          000000018001316a f   kernel32:KERNEL32.dll
 0001:00012170       RtlLookupFunctionEntry     0000000180013170 f   kernel32:KERNEL32.dll
 0001:00012176       RtlVirtualUnwind           0000000180013176 f   kernel32:KERNEL32.dll
 0001:0001217c       IsDebuggerPresent          000000018001317c f   kernel32:KERNEL32.dll
 0001:00012182       UnhandledExceptionFilter   0000000180013182 f   kernel32:KERNEL32.dll
 0001:00012188       SetUnhandledExceptionFilter 0000000180013188 f   kernel32:KERNEL32.dll
 0001:0001218e       GetStartupInfoW            000000018001318e f   kernel32:KERNEL32.dll
 0001:00012194       IsProcessorFeaturePresent  0000000180013194 f   kernel32:KERNEL32.dll
 0001:0001219a       GetModuleHandleW           000000018001319a f   kernel32:KERNEL32.dll
 0001:000121a0       __acrt_initialize          00000001800131a0 f   MSVCRT:ucrt_stubs.obj
 0001:000121a0       __scrt_stub_for_acrt_initialize 00000001800131a0 f   MSVCRT:ucrt_stubs.obj
 0001:000121a0       __vcrt_initialize          00000001800131a0 f   MSVCRT:ucrt_stubs.obj
 0001:000121a4       __acrt_thread_attach       00000001800131a4 f   MSVCRT:ucrt_stubs.obj
 0001:000121a4       __vcrt_thread_attach       00000001800131a4 f   MSVCRT:ucrt_stubs.obj
 0001:000121a4       __scrt_stub_for_acrt_thread_attach 00000001800131a4 f   MSVCRT:ucrt_stubs.obj
 0001:000121a8       __vcrt_thread_detach       00000001800131a8 f   MSVCRT:ucrt_stubs.obj
 0001:000121a8       __acrt_thread_detach       00000001800131a8 f   MSVCRT:ucrt_stubs.obj
 0001:000121a8       __scrt_stub_for_acrt_thread_detach 00000001800131a8 f   MSVCRT:ucrt_stubs.obj
 0001:000121ac       __scrt_stub_for_acrt_uninitialize 00000001800131ac f   MSVCRT:ucrt_stubs.obj
 0001:000121ac       __acrt_uninitialize        00000001800131ac f   MSVCRT:ucrt_stubs.obj
 0001:000121ac       __vcrt_uninitialize        00000001800131ac f   MSVCRT:ucrt_stubs.obj
 0001:000121b0       __acrt_uninitialize_critical 00000001800131b0 f   MSVCRT:ucrt_stubs.obj
 0001:000121b0       __scrt_stub_for_acrt_uninitialize_critical 00000001800131b0 f   MSVCRT:ucrt_stubs.obj
 0001:000121b0       __vcrt_uninitialize_critical 00000001800131b0 f   MSVCRT:ucrt_stubs.obj
 0001:000121b4       _is_c_termination_complete 00000001800131b4 f   MSVCRT:ucrt_stubs.obj
 0001:000121b4       __scrt_stub_for_is_c_termination_complete 00000001800131b4 f   MSVCRT:ucrt_stubs.obj
 0001:000121d0       _alloca_probe              00000001800131d0 f   MSVCRT:chkstk.obj
 0001:000121d0       __chkstk                   00000001800131d0 f   MSVCRT:chkstk.obj
 0001:0001221e       memchr                     000000018001321e f   vcruntime:VCRUNTIME140.dll
 0001:00012224       memcpy                     0000000180013224 f   vcruntime:VCRUNTIME140.dll
 0001:0001222a       memmove                    000000018001322a f   vcruntime:VCRUNTIME140.dll
 0001:00012240       _guard_dispatch_icall_nop  0000000180013240 f   MSVCRT:guard_dispatch.obj
 0001:00012260       _guard_xfg_dispatch_icall_nop 0000000180013260 f   MSVCRT:guard_xfg_dispatch.obj
 0002:00000000       __imp_ReadFile             0000000180014000     kernel32:KERNEL32.dll
 0002:00000008       __imp_WriteFile            0000000180014008     kernel32:KERNEL32.dll
 0002:00000010       __imp_SetFilePointer       0000000180014010     kernel32:KERNEL32.dll
 0002:00000018       __imp_CreateFileW          0000000180014018     kernel32:KERNEL32.dll
 0002:00000020       __imp_GetLastError         0000000180014020     kernel32:KERNEL32.dll
 0002:00000028       __imp_CreateFileA          0000000180014028     kernel32:KERNEL32.dll
 0002:00000030       __imp_CloseHandle          0000000180014030     kernel32:KERNEL32.dll
 0002:00000038       __imp_GetCurrentProcessId  0000000180014038     kernel32:KERNEL32.dll
 0002:00000040       __imp_GetCurrentThreadId   0000000180014040     kernel32:KERNEL32.dll
 0002:00000048       __imp_GetSystemTimeAsFileTime 0000000180014048     kernel32:KERNEL32.dll
 0002:00000050       __imp_DisableThreadLibraryCalls 0000000180014050     kernel32:KERNEL32.dll
 0002:00000058       __imp_InitializeSListHead  0000000180014058     kernel32:KERNEL32.dll
 0002:00000060       __imp_RtlCaptureContext    0000000180014060     kernel32:KERNEL32.dll
 0002:00000068       __imp_RtlLookupFunctionEntry 0000000180014068     kernel32:KERNEL32.dll
 0002:00000070       __imp_RtlVirtualUnwind     0000000180014070     kernel32:KERNEL32.dll
 0002:00000078       __imp_GetModuleHandleW     0000000180014078     kernel32:KERNEL32.dll
 0002:00000080       __imp_IsProcessorFeaturePresent 0000000180014080     kernel32:KERNEL32.dll
 0002:00000088       __imp_GetStartupInfoW      0000000180014088     kernel32:KERNEL32.dll
 0002:00000090       __imp_SetUnhandledExceptionFilter 0000000180014090     kernel32:KERNEL32.dll
 0002:00000098       __imp_UnhandledExceptionFilter 0000000180014098     kernel32:KERNEL32.dll
 0002:000000a0       __imp_IsDebuggerPresent    00000001800140a0     kernel32:KERNEL32.dll
 0002:000000a8       __imp_QueryPerformanceCounter 00000001800140a8     kernel32:KERNEL32.dll
 0002:000000b0       \177KERNEL32_NULL_THUNK_DATA 00000001800140b0     kernel32:KERNEL32.dll
 0002:000000b8       __imp___current_exception_context 00000001800140b8     vcruntime:VCRUNTIME140.dll
 0002:000000c0       __imp___current_exception  00000001800140c0     vcruntime:VCRUNTIME140.dll
 0002:000000c8       __imp___std_type_info_destroy_list 00000001800140c8     vcruntime:VCRUNTIME140.dll
 0002:000000d0       __imp___C_specific_handler 00000001800140d0     vcruntime:VCRUNTIME140.dll
 0002:000000d8       __imp_memset               00000001800140d8     vcruntime:VCRUNTIME140.dll
 0002:000000e0       __imp_memcpy               00000001800140e0     vcruntime:VCRUNTIME140.dll
 0002:000000e8       __imp_memchr               00000001800140e8     vcruntime:VCRUNTIME140.dll
 0002:000000f0       __imp_memmove              00000001800140f0     vcruntime:VCRUNTIME140.dll
 0002:000000f8       \177VCRUNTIME140_NULL_THUNK_DATA 00000001800140f8     vcruntime:VCRUNTIME140.dll
 0002:00000100       __imp_wcstombs             0000000180014100     ucrt:api-ms-win-crt-convert-l1-1-0.dll
 0002:00000108       \177api-ms-win-crt-convert-l1-1-0_NULL_THUNK_DATA 0000000180014108     ucrt:api-ms-win-crt-convert-l1-1-0.dll
 0002:00000110       __imp_malloc               0000000180014110     ucrt:api-ms-win-crt-heap-l1-1-0.dll
 0002:00000118       __imp_free                 0000000180014118     ucrt:api-ms-win-crt-heap-l1-1-0.dll
 0002:00000120       \177api-ms-win-crt-heap-l1-1-0_NULL_THUNK_DATA 0000000180014120     ucrt:api-ms-win-crt-heap-l1-1-0.dll
 0002:00000128       __imp_terminate            0000000180014128     ucrt:api-ms-win-crt-runtime-l1-1-0.dll
 0002:00000130       __imp__initterm            0000000180014130     ucrt:api-ms-win-crt-runtime-l1-1-0.dll
 0002:00000138       __imp__initterm_e          0000000180014138     ucrt:api-ms-win-crt-runtime-l1-1-0.dll
 0002:00000140       __imp__seh_filter_dll      0000000180014140     ucrt:api-ms-win-crt-runtime-l1-1-0.dll
 0002:00000148       __imp__configure_narrow_argv 0000000180014148     ucrt:api-ms-win-crt-runtime-l1-1-0.dll
 0002:00000150       __imp__initialize_narrow_environment 0000000180014150     ucrt:api-ms-win-crt-runtime-l1-1-0.dll
 0002:00000158       __imp__initialize_onexit_table 0000000180014158     ucrt:api-ms-win-crt-runtime-l1-1-0.dll
 0002:00000160       __imp__register_onexit_function 0000000180014160     ucrt:api-ms-win-crt-runtime-l1-1-0.dll
 0002:00000168       __imp__execute_onexit_table 0000000180014168     ucrt:api-ms-win-crt-runtime-l1-1-0.dll
 0002:00000170       __imp__crt_atexit          0000000180014170     ucrt:api-ms-win-crt-runtime-l1-1-0.dll
 0002:00000178       __imp__crt_at_quick_exit   0000000180014178     ucrt:api-ms-win-crt-runtime-l1-1-0.dll
 0002:00000180       __imp__cexit               0000000180014180     ucrt:api-ms-win-crt-runtime-l1-1-0.dll
 0002:00000188       __imp_strerror             0000000180014188     ucrt:api-ms-win-crt-runtime-l1-1-0.dll
 0002:00000190       __imp__errno               0000000180014190     ucrt:api-ms-win-crt-runtime-l1-1-0.dll
 0002:00000198       \177api-ms-win-crt-runtime-l1-1-0_NULL_THUNK_DATA 0000000180014198     ucrt:api-ms-win-crt-runtime-l1-1-0.dll
 0002:000001a0       __imp_fwrite               00000001800141a0     ucrt:api-ms-win-crt-stdio-l1-1-0.dll
 0002:000001a8       __imp__fseeki64            00000001800141a8     ucrt:api-ms-win-crt-stdio-l1-1-0.dll
 0002:000001b0       __imp__open                00000001800141b0     ucrt:api-ms-win-crt-stdio-l1-1-0.dll
 0002:000001b8       __imp_fread                00000001800141b8     ucrt:api-ms-win-crt-stdio-l1-1-0.dll
 0002:000001c0       __imp_fclose               00000001800141c0     ucrt:api-ms-win-crt-stdio-l1-1-0.dll
 0002:000001c8       __imp_fopen                00000001800141c8     ucrt:api-ms-win-crt-stdio-l1-1-0.dll
 0002:000001d0       __imp_ferror               00000001800141d0     ucrt:api-ms-win-crt-stdio-l1-1-0.dll
 0002:000001d8       __imp_ftell                00000001800141d8     ucrt:api-ms-win-crt-stdio-l1-1-0.dll
 0002:000001e0       __imp__write               00000001800141e0     ucrt:api-ms-win-crt-stdio-l1-1-0.dll
 0002:000001e8       __imp__lseeki64            00000001800141e8     ucrt:api-ms-win-crt-stdio-l1-1-0.dll
 0002:000001f0       __imp__wopen               00000001800141f0     ucrt:api-ms-win-crt-stdio-l1-1-0.dll
 0002:000001f8       __imp__close               00000001800141f8     ucrt:api-ms-win-crt-stdio-l1-1-0.dll
 0002:00000200       __imp__read                0000000180014200     ucrt:api-ms-win-crt-stdio-l1-1-0.dll
 0002:00000208       __imp__ftelli64            0000000180014208     ucrt:api-ms-win-crt-stdio-l1-1-0.dll
 0002:00000210       __imp_fseek                0000000180014210     ucrt:api-ms-win-crt-stdio-l1-1-0.dll
 0002:00000218       __imp___stdio_common_vsprintf 0000000180014218     ucrt:api-ms-win-crt-stdio-l1-1-0.dll
 0002:00000220       \177api-ms-win-crt-stdio-l1-1-0_NULL_THUNK_DATA 0000000180014220     ucrt:api-ms-win-crt-stdio-l1-1-0.dll
 0002:00000228       __imp__time64              0000000180014228     ucrt:api-ms-win-crt-time-l1-1-0.dll
 0002:00000230       \177api-ms-win-crt-time-l1-1-0_NULL_THUNK_DATA 0000000180014230     ucrt:api-ms-win-crt-time-l1-1-0.dll
 0002:00000238       __imp_srand                0000000180014238     ucrt:api-ms-win-crt-utility-l1-1-0.dll
 0002:00000240       __imp_rand                 0000000180014240     ucrt:api-ms-win-crt-utility-l1-1-0.dll
 0002:00000248       \177api-ms-win-crt-utility-l1-1-0_NULL_THUNK_DATA 0000000180014248     ucrt:api-ms-win-crt-utility-l1-1-0.dll
 0002:00000250       __guard_check_icall_fptr   0000000180014250     MSVCRT:guard_support.obj
 0002:00000258       __guard_xfg_check_icall_fptr 0000000180014258     MSVCRT:guard_support.obj
 0002:00000260       __guard_dispatch_icall_fptr 0000000180014260     MSVCRT:guard_support.obj
 0002:00000268       __guard_xfg_dispatch_icall_fptr 0000000180014268     MSVCRT:guard_support.obj
 0002:00000270       __guard_xfg_table_dispatch_icall_fptr 0000000180014270     MSVCRT:guard_support.obj
 0002:00000278       __castguard_check_failure_os_handled_fptr 0000000180014278     MSVCRT:guard_support.obj
 0002:00000280       __guard_memcpy_fptr        0000000180014280     vcruntime:softmemtag.obj
 0002:00000288       __xc_a                     0000000180014288     MSVCRT:initializers.obj
 0002:00000290       __xc_z                     0000000180014290     MSVCRT:initializers.obj
 0002:00000298       __xi_a                     0000000180014298     MSVCRT:initializers.obj
 0002:000002a0       __xi_z                     00000001800142a0     MSVCRT:initializers.obj
 0002:000002a8       __xp_a                     00000001800142a8     MSVCRT:initializers.obj
 0002:000002b0       __xp_z                     00000001800142b0     MSVCRT:initializers.obj
 0002:000002b8       __xt_a                     00000001800142b8     MSVCRT:initializers.obj
 0002:000002c0       __xt_z                     00000001800142c0     MSVCRT:initializers.obj
 0002:000002d0       _pDefaultRawDllMain        00000001800142d0     MSVCRT:dll_dllmain.obj
 0002:000002d0       _pRawDllMain               00000001800142d0     MSVCRT:dll_dllmain.obj
 0002:000002e0       __xmm@ffffffffffffffffffffffffffffffff 00000001800142e0     MSVCRT:utility.obj
 0002:000002f0       ??_C@_06CPEACBM@1?42?412@  00000001800142f0     compress.obj
 0002:00003e90       _length_code               0000000180017e90     trees.obj
 0002:00003f90       _dist_code                 0000000180017f90     trees.obj
 0002:00004960       unz_copyright              0000000180018960     unzip.obj
 0002:000049c0       z_errmsg                   00000001800189c0     zutil.obj
 0002:00004a10       ??_C@_02DKCKIIND@?$CFs@    0000000180018a10     gzlib.obj
 0002:00004a18       ??_C@_07EBNKNFJN@?$DMfd?3?$CFd?$DO@ 0000000180018a18     gzlib.obj
 0002:00004a20       ??_C@_0O@BNNCBLEN@out?5of?5memory@ 0000000180018a20     gzlib.obj
 0002:00004a2e       ??_C@_00CNPNBAHC@@         0000000180018a2e     gzlib.obj
 0002:00004a30       ??_C@_02LMMGGCAJ@?3?5@     0000000180018a30     gzlib.obj
 0002:00004a34       ??_C@_06DIJPEION@?$CFs?$CFs?$CFs@ 0000000180018a34     gzlib.obj
 0002:00004a40       ??_C@_0BH@CFIIDOJD@unexpected?5end?5of?5file@ 0000000180018a40     gzread.obj
 0002:00004a58       ??_C@_0CH@CPOLIEKA@internal?5error?3?5inflate?5stream?5@ 0000000180018a58     gzread.obj
 0002:00004a80       ??_C@_0BG@HCKBMIHF@compressed?5data?5error@ 0000000180018a80     gzread.obj
 0002:00004a98       ??_C@_0BP@HLDABFKK@request?5does?5not?5fit?5in?5an?5int@ 0000000180018a98     gzread.obj
 0002:00004ab8       ??_C@_0CB@EGGJDMIK@request?5does?5not?5fit?5in?5a?5size_@ 0000000180018ab8     gzread.obj
 0002:00004ae0       ??_C@_0BP@IIKIGMCC@out?5of?5room?5to?5push?5characters@ 0000000180018ae0     gzread.obj
 0002:00004b00       ??_C@_0CH@DEEGAHIB@internal?5error?3?5deflate?5stream?5@ 0000000180018b00     gzwrite.obj
 0002:00004b28       ??_C@_0CF@MLPJFDMM@requested?5length?5does?5not?5fit?5i@ 0000000180018b28     gzwrite.obj
 0002:00004b50       ??_C@_0CC@ENDIFONJ@string?5length?5does?5not?5fit?5in?5i@ 0000000180018b50     gzwrite.obj
 0002:00004b78       ??_C@_0BD@PJCBIDD@invalid?5block?5type@ 0000000180018b78     infback.obj
 0002:00004b90       ??_C@_0BN@LGAADGOK@invalid?5stored?5block?5lengths@ 0000000180018b90     infback.obj
 0002:00004bb0       ??_C@_0CE@GMIGFPBB@too?5many?5length?5or?5distance?5sym@ 0000000180018bb0     infback.obj
 0002:00004bd8       ??_C@_0BJ@HDEPPGOH@invalid?5code?5lengths?5set@ 0000000180018bd8     infback.obj
 0002:00004bf8       ??_C@_0BK@BMMPFBBH@invalid?5bit?5length?5repeat@ 0000000180018bf8     infback.obj
 0002:00004c18       ??_C@_0CF@DGDMADCD@invalid?5code?5?9?9?5missing?5end?9of?9@ 0000000180018c18     infback.obj
 0002:00004c40       ??_C@_0BM@IIMGAINC@invalid?5literal?1lengths?5set@ 0000000180018c40     infback.obj
 0002:00004c60       ??_C@_0BG@GMDFCBGP@invalid?5distances?5set@ 0000000180018c60     infback.obj
 0002:00004c78       ??_C@_0BM@FFFLPBBC@invalid?5literal?1length?5code@ 0000000180018c78     infback.obj
 0002:00004c98       ??_C@_0BG@LBKINIKP@invalid?5distance?5code@ 0000000180018c98     infback.obj
 0002:00004cb0       ??_C@_0BO@ECPMAOGG@invalid?5distance?5too?5far?5back@ 0000000180018cb0     infback.obj
 0002:00004cd0       ??_C@_0BH@LIBMMIGA@incorrect?5header?5check@ 0000000180018cd0     inflate.obj
 0002:00004ce8       ??_C@_0BL@IHKGDAEE@unknown?5compression?5method@ 0000000180018ce8     inflate.obj
 0002:00004d08       ??_C@_0BE@EMOGCLGO@invalid?5window?5size@ 0000000180018d08     inflate.obj
 0002:00004d20       ??_C@_0BJ@BLBBCOMO@unknown?5header?5flags?5set@ 0000000180018d20     inflate.obj
 0002:00004d40       ??_C@_0BE@GONKLEPM@header?5crc?5mismatch@ 0000000180018d40     inflate.obj
 0002:00004d58       ??_C@_0BF@MEIGEHBE@incorrect?5data?5check@ 0000000180018d58     inflate.obj
 0002:00004d70       ??_C@_0BH@FGKKJGOC@incorrect?5length?5check@ 0000000180018d70     inflate.obj
 0002:00004d88       ??_C@_02JDPG@rb@           0000000180018d88     ioapi.obj
 0002:00004d8c       ??_C@_03HMFOOINA@r?$CLb@   0000000180018d8c     ioapi.obj
 0002:00004d90       ??_C@_02GMLFBBN@wb@        0000000180018d90     ioapi.obj
 0002:00004d94       ??_C@_01JOAMLHOP@?9@       0000000180018d94     zip.obj
 0002:00004d98       ??_C@_0BA@MOKMMFOD@need?5dictionary@ 0000000180018d98     zutil.obj
 0002:00004da8       ??_C@_0L@FNAOCBOG@stream?5end@ 0000000180018da8     zutil.obj
 0002:00004db8       ??_C@_0L@KIJFAKBJ@file?5error@ 0000000180018db8     zutil.obj
 0002:00004dc8       ??_C@_0N@MKKNPMJD@stream?5error@ 0000000180018dc8     zutil.obj
 0002:00004dd8       ??_C@_0L@HAHMBNLP@data?5error@ 0000000180018dd8     zutil.obj
 0002:00004de8       ??_C@_0BE@OGGJBMCE@insufficient?5memory@ 0000000180018de8     zutil.obj
 0002:00004e00       ??_C@_0N@DFPGLBGC@buffer?5error@ 0000000180018e00     zutil.obj
 0002:00004e10       ??_C@_0BF@CJFPCCEG@incompatible?5version@ 0000000180018e10     zutil.obj
 0002:00004e30       _load_config_used          0000000180018e30     MSVCRT:loadcfg.obj
 0002:00005000       __CastGuardVftablesStart   0000000180019000     MSVCRT:guard_support.obj
 0002:00005080       __CastGuardVftablesEnd     0000000180019080     MSVCRT:guard_support.obj
 0002:00005100       __volatile_metadata        0000000180019100     <linker-defined>
 0002:000054b8       __rtc_iaa                  00000001800194b8     MSVCRT:initsect.obj
 0002:000054c0       __rtc_izz                  00000001800194c0     MSVCRT:initsect.obj
 0002:000054c8       __rtc_taa                  00000001800194c8     MSVCRT:initsect.obj
 0002:000054d0       __rtc_tzz                  00000001800194d0     MSVCRT:initsect.obj
 0002:00007a30       __IMPORT_DESCRIPTOR_KERNEL32 000000018001ba30     kernel32:KERNEL32.dll
 0002:00007a44       __IMPORT_DESCRIPTOR_VCRUNTIME140 000000018001ba44     vcruntime:VCRUNTIME140.dll
 0002:00007a58       __IMPORT_DESCRIPTOR_api-ms-win-crt-stdio-l1-1-0 000000018001ba58     ucrt:api-ms-win-crt-stdio-l1-1-0.dll
 0002:00007a6c       __IMPORT_DESCRIPTOR_api-ms-win-crt-convert-l1-1-0 000000018001ba6c     ucrt:api-ms-win-crt-convert-l1-1-0.dll
 0002:00007a80       __IMPORT_DESCRIPTOR_api-ms-win-crt-heap-l1-1-0 000000018001ba80     ucrt:api-ms-win-crt-heap-l1-1-0.dll
 0002:00007a94       __IMPORT_DESCRIPTOR_api-ms-win-crt-runtime-l1-1-0 000000018001ba94     ucrt:api-ms-win-crt-runtime-l1-1-0.dll
 0002:00007aa8       __IMPORT_DESCRIPTOR_api-ms-win-crt-utility-l1-1-0 000000018001baa8     ucrt:api-ms-win-crt-utility-l1-1-0.dll
 0002:00007abc       __IMPORT_DESCRIPTOR_api-ms-win-crt-time-l1-1-0 000000018001babc     ucrt:api-ms-win-crt-time-l1-1-0.dll
 0002:00007ad0       __NULL_IMPORT_DESCRIPTOR   000000018001bad0     kernel32:KERNEL32.dll
 0003:00000000       __scrt_native_dllmain_reason 000000018001d000     MSVCRT:utility.obj
 0003:00000008       __security_cookie          000000018001d008     MSVCRT:gs_cookie.obj
 0003:00000010       __security_cookie_complement 000000018001d010     MSVCRT:gs_cookie.obj
 0003:00000018       __isa_available            000000018001d018     MSVCRT:cpu_disp.obj
 0003:0000001c       __isa_enabled              000000018001d01c     MSVCRT:cpu_disp.obj
 0003:00000020       __memset_fast_string_threshold 000000018001d020     MSVCRT:cpu_disp.obj
 0003:00000028       __memset_nt_threshold      000000018001d028     MSVCRT:cpu_disp.obj
 0003:00000030       __scrt_ucrt_dll_is_in_use  000000018001d030     MSVCRT:ucrt_stubs.obj
 0003:00000050       ?__type_info_root_node@@3U__type_info_node@@A 000000018001d050     MSVCRT:tncleanup.obj
 0003:00000060       ?_OptionsStorage@?1??__local_stdio_printf_options@@9@4_KA 000000018001d060     MSVCRT:default_local_stdio_options.obj
 0003:00000068       ?_OptionsStorage@?1??__local_stdio_scanf_options@@9@4_KA 000000018001d068     MSVCRT:default_local_stdio_options.obj
 0003:00000070       __scrt_current_native_startup_state 000000018001d070     MSVCRT:utility.obj
 0003:00000078       __scrt_native_startup_lock 000000018001d078     MSVCRT:utility.obj
 0003:000000b8       __scrt_debugger_hook_flag  000000018001d0b8     MSVCRT:utility_desktop.obj
 0003:000000bc       __favor                    000000018001d0bc     MSVCRT:cpu_disp.obj
 0003:000000c8       __dyn_tls_init_callback    000000018001d0c8     <common>
 0003:000000d0       ?_OptionsStorage@?1??__local_stdio_printf_options@@9@9 000000018001d0d0     <common>
 0003:000000d8       ?_OptionsStorage@?1??__local_stdio_scanf_options@@9@9 000000018001d0d8     <common>

 entry point at        0001:000113d8

 Static symbols

 0000:fffde000       .debug$S                   0000000180000000     zlibwapi.exp
 0000:fffde000       .debug$S                   0000000180000000     ucrt:api-ms-win-crt-convert-l1-1-0.dll
 0000:fffde000       .debug$S                   0000000180000000     ucrt:api-ms-win-crt-heap-l1-1-0.dll
 0000:fffde000       .debug$S                   0000000180000000     ucrt:api-ms-win-crt-heap-l1-1-0.dll
 0000:fffde000       .debug$S                   0000000180000000     ucrt:api-ms-win-crt-runtime-l1-1-0.dll
 0000:fffde000       .debug$S                   0000000180000000     ucrt:api-ms-win-crt-runtime-l1-1-0.dll
 0000:fffde000       .debug$S                   0000000180000000     ucrt:api-ms-win-crt-runtime-l1-1-0.dll
 0000:fffde000       .debug$S                   0000000180000000     ucrt:api-ms-win-crt-runtime-l1-1-0.dll
 0000:fffde000       .debug$S                   0000000180000000     ucrt:api-ms-win-crt-runtime-l1-1-0.dll
 0000:fffde000       .debug$S                   0000000180000000     ucrt:api-ms-win-crt-runtime-l1-1-0.dll
 0000:fffde000       .debug$S                   0000000180000000     ucrt:api-ms-win-crt-runtime-l1-1-0.dll
 0000:fffde000       .debug$S                   0000000180000000     ucrt:api-ms-win-crt-runtime-l1-1-0.dll
 0000:fffde000       .debug$S                   0000000180000000     ucrt:api-ms-win-crt-runtime-l1-1-0.dll
 0000:fffde000       .debug$S                   0000000180000000     ucrt:api-ms-win-crt-runtime-l1-1-0.dll
 0000:fffde000       .debug$S                   0000000180000000     ucrt:api-ms-win-crt-runtime-l1-1-0.dll
 0000:fffde000       .debug$S                   0000000180000000     ucrt:api-ms-win-crt-runtime-l1-1-0.dll
 0000:fffde000       .debug$S                   0000000180000000     ucrt:api-ms-win-crt-runtime-l1-1-0.dll
 0000:fffde000       .debug$S                   0000000180000000     ucrt:api-ms-win-crt-runtime-l1-1-0.dll
 0000:fffde000       .debug$S                   0000000180000000     ucrt:api-ms-win-crt-stdio-l1-1-0.dll
 0000:fffde000       .debug$S                   0000000180000000     ucrt:api-ms-win-crt-stdio-l1-1-0.dll
 0000:fffde000       .debug$S                   0000000180000000     ucrt:api-ms-win-crt-stdio-l1-1-0.dll
 0000:fffde000       .debug$S                   0000000180000000     ucrt:api-ms-win-crt-stdio-l1-1-0.dll
 0000:fffde000       .debug$S                   0000000180000000     ucrt:api-ms-win-crt-stdio-l1-1-0.dll
 0000:fffde000       .debug$S                   0000000180000000     ucrt:api-ms-win-crt-stdio-l1-1-0.dll
 0000:fffde000       .debug$S                   0000000180000000     ucrt:api-ms-win-crt-stdio-l1-1-0.dll
 0000:fffde000       .debug$S                   0000000180000000     ucrt:api-ms-win-crt-stdio-l1-1-0.dll
 0000:fffde000       .debug$S                   0000000180000000     ucrt:api-ms-win-crt-stdio-l1-1-0.dll
 0000:fffde000       .debug$S                   0000000180000000     ucrt:api-ms-win-crt-stdio-l1-1-0.dll
 0000:fffde000       .debug$S                   0000000180000000     ucrt:api-ms-win-crt-stdio-l1-1-0.dll
 0000:fffde000       .debug$S                   0000000180000000     ucrt:api-ms-win-crt-stdio-l1-1-0.dll
 0000:fffde000       .debug$S                   0000000180000000     ucrt:api-ms-win-crt-stdio-l1-1-0.dll
 0000:fffde000       .debug$S                   0000000180000000     ucrt:api-ms-win-crt-stdio-l1-1-0.dll
 0000:fffde000       .debug$S                   0000000180000000     ucrt:api-ms-win-crt-stdio-l1-1-0.dll
 0000:fffde000       .debug$S                   0000000180000000     ucrt:api-ms-win-crt-stdio-l1-1-0.dll
 0000:fffde000       .debug$S                   0000000180000000     ucrt:api-ms-win-crt-time-l1-1-0.dll
 0000:fffde000       .debug$S                   0000000180000000     ucrt:api-ms-win-crt-utility-l1-1-0.dll
 0000:fffde000       .debug$S                   0000000180000000     ucrt:api-ms-win-crt-utility-l1-1-0.dll
 0000:fffde000       .debug$S                   0000000180000000     kernel32:KERNEL32.dll
 0000:fffde000       .debug$S                   0000000180000000     kernel32:KERNEL32.dll
 0000:fffde000       .debug$S                   0000000180000000     kernel32:KERNEL32.dll
 0000:fffde000       .debug$S                   0000000180000000     kernel32:KERNEL32.dll
 0000:fffde000       .debug$S                   0000000180000000     kernel32:KERNEL32.dll
 0000:fffde000       .debug$S                   0000000180000000     kernel32:KERNEL32.dll
 0000:fffde000       .debug$S                   0000000180000000     kernel32:KERNEL32.dll
 0000:fffde000       .debug$S                   0000000180000000     kernel32:KERNEL32.dll
 0000:fffde000       .debug$S                   0000000180000000     kernel32:KERNEL32.dll
 0000:fffde000       .debug$S                   0000000180000000     kernel32:KERNEL32.dll
 0000:fffde000       .debug$S                   0000000180000000     kernel32:KERNEL32.dll
 0000:fffde000       .debug$S                   0000000180000000     kernel32:KERNEL32.dll
 0000:fffde000       .debug$S                   0000000180000000     kernel32:KERNEL32.dll
 0000:fffde000       .debug$S                   0000000180000000     kernel32:KERNEL32.dll
 0000:fffde000       .debug$S                   0000000180000000     kernel32:KERNEL32.dll
 0000:fffde000       .debug$S                   0000000180000000     kernel32:KERNEL32.dll
 0000:fffde000       .debug$S                   0000000180000000     kernel32:KERNEL32.dll
 0000:fffde000       .debug$S                   0000000180000000     kernel32:KERNEL32.dll
 0000:fffde000       .debug$S                   0000000180000000     kernel32:KERNEL32.dll
 0000:fffde000       .debug$S                   0000000180000000     kernel32:KERNEL32.dll
 0000:fffde000       .debug$S                   0000000180000000     kernel32:KERNEL32.dll
 0000:fffde000       .debug$S                   0000000180000000     kernel32:KERNEL32.dll
 0000:00000000       _volmd                     0000000180000000     MSVCRT:cpu_disp.obj
 0002:fffec000       __guard_ehcont_?dllmain_dispatch@@YAHQEAUHINSTANCE__@@KQEAX@Z 0000000180000000     MSVCRT:dll_dllmain.obj
 0002:fffec000       __guard_fids_?dllmain_dispatch@@YAHQEAUHINSTANCE__@@KQEAX@Z 0000000180000000     MSVCRT:dll_dllmain.obj
 0002:fffec000       __guard_fids__             0000000180000000     MSVCRT:guard_support.obj
 0002:fffec000       __guard_fids__             0000000180000000     MSVCRT:guard_support.obj
 0002:fffec000       __guard_fids__guard_icall_checks_enforced 0000000180000000     MSVCRT:guard_support.obj
 0000:00000000       _volmd                     0000000180000000     MSVCRT:guard_support.obj
 0000:00000000       _volmd                     0000000180000000     MSVCRT:guard_support.obj
 0000:00000000       _volmd                     0000000180000000     MSVCRT:guard_support.obj
 0000:00000000       _volmd                     0000000180000000     MSVCRT:guard_support.obj
 0000:00000000       _volmd                     0000000180000000     MSVCRT:guard_support.obj
 0000:00000000       _volmd                     0000000180000000     MSVCRT:guard_support.obj
 0002:fffec000       __guard_ehcont___scrt_is_nonwritable_in_current_image 0000000180000000     MSVCRT:utility.obj
 0000:00000000       _volmd                     0000000180000000     MSVCRT:utility.obj
 0000:00000000       _volmd                     0000000180000000     MSVCRT:utility.obj
 0000:00000000       _volmd                     0000000180000000     MSVCRT:utility.obj
 0002:fffec000       __guard_fids___scrt_set_unhandled_exception_filter 0000000180000000     MSVCRT:utility_desktop.obj
 0000:00000000       _volmd                     0000000180000000     MSVCRT:utility_desktop.obj
 0000:fffde000       .debug$S                   0000000180000000     vcruntime:VCRUNTIME140.dll
 0000:fffde000       .debug$S                   0000000180000000     vcruntime:VCRUNTIME140.dll
 0000:fffde000       .debug$S                   0000000180000000     vcruntime:VCRUNTIME140.dll
 0000:fffde000       .debug$S                   0000000180000000     vcruntime:VCRUNTIME140.dll
 0000:fffde000       .debug$S                   0000000180000000     vcruntime:VCRUNTIME140.dll
 0000:fffde000       .debug$S                   0000000180000000     vcruntime:VCRUNTIME140.dll
 0000:fffde000       .debug$S                   0000000180000000     vcruntime:VCRUNTIME140.dll
 0000:fffde000       .debug$S                   0000000180000000     vcruntime:VCRUNTIME140.dll
 0002:fffec000       __guard_fids__             0000000180000000     vcruntime:softmemtag.obj
 0001:000002f0       adler32_combine_           00000001800012f0 f   adler32.obj
 0001:00000520       byte_swap                  0000000180001520 f   crc32.obj
 0001:00000530       multmodp                   0000000180001530 f   crc32.obj
 0001:00000570       x2nmodp                    0000000180001570 f   crc32.obj
 0001:000005d0       crc_word                   00000001800015d0 f   crc32.obj
 0001:00000610       crc_word_big               0000000180001610 f   crc32.obj
 0001:00000aa0       slide_hash                 0000000180001aa0 f   deflate.obj
 0001:00000de0       deflateStateCheck          0000000180001de0 f   deflate.obj
 0001:000015c0       putShortMSB                00000001800025c0 f   deflate.obj
 0001:000015f0       flush_pending              00000001800025f0 f   deflate.obj
 0001:00002270       read_buf                   0000000180003270 f   deflate.obj
 0001:00002310       lm_init                    0000000180003310 f   deflate.obj
 0001:000023c0       longest_match              00000001800033c0 f   deflate.obj
 0001:00002580       fill_window                0000000180003580 f   deflate.obj
 0001:000027c0       deflate_stored             00000001800037c0 f   deflate.obj
 0001:00002c00       deflate_fast               0000000180003c00 f   deflate.obj
 0001:00003060       deflate_slow               0000000180004060 f   deflate.obj
 0001:000035d0       deflate_rle                00000001800045d0 f   deflate.obj
 0001:00003920       deflate_huff               0000000180004920 f   deflate.obj
 0001:00003c10       gz_reset                   0000000180004c10 f   gzlib.obj
 0001:00003c60       gz_open                    0000000180004c60 f   gzlib.obj
 0001:00003f10       $LN55                      0000000180004f10     gzlib.obj
 0001:00003f3c       $LN54                      0000000180004f3c     gzlib.obj
 0001:00004500       gz_load                    0000000180005500 f   gzread.obj
 0001:000045b0       gz_avail                   00000001800055b0 f   gzread.obj
 0001:00004640       gz_look                    0000000180005640 f   gzread.obj
 0001:00004800       gz_decomp                  0000000180005800 f   gzread.obj
 0001:00004920       gz_fetch                   0000000180005920 f   gzread.obj
 0001:000049d0       gz_skip                    00000001800059d0 f   gzread.obj
 0001:00004a50       gz_read                    0000000180005a50 f   gzread.obj
 0001:00005090       gz_init                    0000000180006090 f   gzwrite.obj
 0001:000051b0       gz_comp                    00000001800061b0 f   gzwrite.obj
 0001:00005370       gz_zero                    0000000180006370 f   gzwrite.obj
 0001:00005420       gz_write                   0000000180006420 f   gzwrite.obj
 0001:00005c70       fixedtables                0000000180006c70 f   infback.obj
 0001:00006b58       $LN481                     0000000180007b58     infback.obj
 0001:00007100       inflateStateCheck          0000000180008100 f   inflate.obj
 0001:00007420       fixedtables                0000000180008420 f   inflate.obj
 0001:00007450       updatewindow               0000000180008450 f   inflate.obj
 0001:00008cec       $LN820                     0000000180009cec     inflate.obj
 0001:00008f60       syncsearch                 0000000180009f60 f   inflate.obj
 0001:00009ad0       fopen_file_func            000000018000aad0 f   ioapi.obj
 0001:00009b20       fopen64_file_func          000000018000ab20 f   ioapi.obj
 0001:00009b70       fread_file_func            000000018000ab70 f   ioapi.obj
 0001:00009b90       fwrite_file_func           000000018000ab90 f   ioapi.obj
 0001:00009bb0       ftell_file_func            000000018000abb0 f   ioapi.obj
 0001:00009bc0       ftell64_file_func          000000018000abc0 f   ioapi.obj
 0001:00009bd0       fseek_file_func            000000018000abd0 f   ioapi.obj
 0001:00009c30       fseek64_file_func          000000018000ac30 f   ioapi.obj
 0001:00009c90       fclose_file_func           000000018000ac90 f   ioapi.obj
 0001:00009ca0       ferror_file_func           000000018000aca0 f   ioapi.obj
 0001:00009d10       win32_translate_open_mode  000000018000ad10 f   iowin32.obj
 0001:00009d70       win32_build_iowin          000000018000ad70 f   iowin32.obj
 0001:0000a0c0       MySetFilePointerEx         000000018000b0c0 f   iowin32.obj
 0001:0000a4c0       tr_static_init             000000018000b4c0 f   trees.obj
 0001:0000a540       init_block                 000000018000b540 f   trees.obj
 0001:0000a710       pqdownheap                 000000018000b710 f   trees.obj
 0001:0000a800       gen_bitlen                 000000018000b800 f   trees.obj
 0001:0000aa10       gen_codes                  000000018000ba10 f   trees.obj
 0001:0000ab30       build_tree                 000000018000bb30 f   trees.obj
 0001:0000ad70       scan_tree                  000000018000bd70 f   trees.obj
 0001:0000ae80       send_tree                  000000018000be80 f   trees.obj
 0001:0000b3f0       build_bl_tree              000000018000c3f0 f   trees.obj
 0001:0000b4c0       send_all_trees             000000018000c4c0 f   trees.obj
 0001:0000bbb0       compress_block             000000018000cbb0 f   trees.obj
 0001:0000c010       detect_data_type           000000018000d010 f   trees.obj
 0001:0000c090       bi_reverse                 000000018000d090 f   trees.obj
 0001:0000c0b0       bi_flush                   000000018000d0b0 f   trees.obj
 0001:0000c130       bi_windup                  000000018000d130 f   trees.obj
 0001:0000c310       unz64local_getByte         000000018000d310 f   unzip.obj
 0001:0000c380       unz64local_getShort        000000018000d380 f   unzip.obj
 0001:0000c400       unz64local_getLong         000000018000d400 f   unzip.obj
 0001:0000c4d0       unz64local_getLong64       000000018000d4d0 f   unzip.obj
 0001:0000c650       strcmpcasenosensitive_internal 000000018000d650 f   unzip.obj
 0001:0000c700       unz64local_SearchCentralDir 000000018000d700 f   unzip.obj
 0001:0000c870       unz64local_SearchCentralDir64 000000018000d870 f   unzip.obj
 0001:0000ca90       unzOpenInternal            000000018000da90 f   unzip.obj
 0001:0000d050       unz64local_DosDateToTmuDate 000000018000e050 f   unzip.obj
 0001:0000d0b0       unz64local_GetCurrentFileInfoInternal 000000018000e0b0 f   unzip.obj
 0001:0000dbe0       unz64local_CheckCurrentFileCoherencyHeader 000000018000ebe0 f   unzip.obj
 0001:0000e6b0       time                       000000018000f6b0 f   zip.obj
 0001:0000e6c0       decrypt_byte               000000018000f6c0 f   zip.obj
 0001:0000e6e0       update_keys                000000018000f6e0 f   zip.obj
 0001:0000e730       init_keys                  000000018000f730 f   zip.obj
 0001:0000e7a0       crypthead                  000000018000f7a0 f   zip.obj
 0001:0000e8f0       allocate_new_datablock     000000018000f8f0 f   zip.obj
 0001:0000e920       free_datablock             000000018000f920 f   zip.obj
 0001:0000e950       init_linkedlist            000000018000f950 f   zip.obj
 0001:0000e960       free_linkedlist            000000018000f960 f   zip.obj
 0001:0000e980       add_data_in_datablock      000000018000f980 f   zip.obj
 0001:0000ea60       zip64local_putValue        000000018000fa60 f   zip.obj
 0001:0000eae0       zip64local_putValue_inmemory 000000018000fae0 f   zip.obj
 0001:0000eb20       zip64local_TmzDateToDosDate 000000018000fb20 f   zip.obj
 0001:0000eb70       zip64local_getByte         000000018000fb70 f   zip.obj
 0001:0000ebe0       zip64local_getShort        000000018000fbe0 f   zip.obj
 0001:0000ec60       zip64local_getLong         000000018000fc60 f   zip.obj
 0001:0000ed30       zip64local_getLong64       000000018000fd30 f   zip.obj
 0001:0000eeb0       zip64local_SearchCentralDir 000000018000feb0 f   zip.obj
 0001:0000f020       zip64local_SearchCentralDir64 0000000180010020 f   zip.obj
 0001:0000f240       LoadCentralDirectoryRecord 0000000180010240 f   zip.obj
 0001:0000f870       Write_LocalFileHeader      0000000180010870 f   zip.obj
 0001:00010430       zip64FlushWriteBuffer      0000000180011430 f   zip.obj
 0001:00010b30       Write_Zip64EndOfCentralDirectoryLocator 0000000180011b30 f   zip.obj
 0001:00010bb0       Write_Zip64EndOfCentralDirectoryRecord 0000000180011bb0 f   zip.obj
 0001:00010ce0       Write_EndOfCentralDirectoryRecord 0000000180011ce0 f   zip.obj
 0001:00010e10       Write_GlobalComment        0000000180011e10 f   zip.obj
 0001:00011094       ?dllmain_crt_dispatch@@YAHQEAUHINSTANCE__@@KQEAX@Z 0000000180012094 f   MSVCRT:dll_dllmain.obj
 0001:000110e4       ?dllmain_crt_process_attach@@YAHQEAUHINSTANCE__@@QEAX@Z 00000001800120e4 f   MSVCRT:dll_dllmain.obj
 0001:000111fc       ?dllmain_crt_process_detach@@YAH_N@Z 00000001800121fc f   MSVCRT:dll_dllmain.obj
 0001:00011280       ?dllmain_dispatch@@YAHQEAUHINSTANCE__@@KQEAX@Z 0000000180012280 f   MSVCRT:dll_dllmain.obj
 0001:000113b4       ?dllmain_raw@@YAHQEAUHINSTANCE__@@KQEAX@Z 00000001800123b4 f   MSVCRT:dll_dllmain.obj
 0001:00011418       __get_entropy              0000000180012418 f   MSVCRT:gs_support.obj
 0001:000115a8       ?find_pe_section@@YAPEAU_IMAGE_SECTION_HEADER@@QEAE_K@Z 00000001800125a8 f   MSVCRT:utility.obj
 0001:000115fc       ?is_potentially_valid_image_base@@YA_NQEAX@Z 00000001800125fc f   MSVCRT:utility.obj
 0001:00011d44       __castguard_check_failure_os_handled_wrapper 0000000180012d44 f   MSVCRT:guard_support.obj
 0001:00011d64       __castguard_compat_check   0000000180012d64 f   MSVCRT:guard_support.obj
 0001:00011e4c       __castguard_slow_path_compat_check 0000000180012e4c f   MSVCRT:guard_support.obj
 0001:000121c0       $$000000                   00000001800131c0     MSVCRT:chkstk.obj
 0001:00012230       $$000000                   0000000180013230     MSVCRT:guard_dispatch.obj
 0001:00012250       $$000000                   0000000180013250     MSVCRT:guard_xfg_dispatch.obj
 0001:00012266       ?fin$0@?0??dllmain_crt_process_attach@@YAHQEAUHINSTANCE__@@QEAX@Z@4HA 0000000180013266 f   MSVCRT:dll_dllmain.obj
 0001:0001227d       ?fin$0@?0??dllmain_crt_process_detach@@YAH_N@Z@4HA 000000018001327d f   MSVCRT:dll_dllmain.obj
 0001:00012296       ?fin$1@?0??dllmain_crt_process_detach@@YAH_N@Z@4HA 0000000180013296 f   MSVCRT:dll_dllmain.obj
 0001:000122aa       ?filt$0@?0??dllmain_dispatch@@YAHQEAUHINSTANCE__@@KQEAX@Z@4HA 00000001800132aa f   MSVCRT:dll_dllmain.obj
 0001:000122e0       __scrt_is_nonwritable_in_current_image$filt$0 00000001800132e0 f   MSVCRT:utility.obj
 0002:00000300       crc_table                  0000000180014300     crc32.obj
 0002:00000700       crc_big_table              0000000180014700     crc32.obj
 0002:00000b00       crc_braid_table            0000000180014b00     crc32.obj
 0002:00001b00       crc_braid_big_table        0000000180015b00     crc32.obj
 0002:00002b00       x2n_table                  0000000180016b00     crc32.obj
 0002:00002b80       ?my_version@?1??deflateInit2_@@9@9 0000000180016b80     deflate.obj
 0002:00002b90       configuration_table        0000000180016b90     deflate.obj
 0002:00002c30       ?lenfix@?1??fixedtables@@9@9 0000000180016c30     infback.obj
 0002:00003430       ?distfix@?1??fixedtables@@9@9 0000000180017430     infback.obj
 0002:000034b0       ?order@?1??inflateBack@@9@9 00000001800174b0     infback.obj
 0002:000034e0       ?lenfix@?1??fixedtables@@9@9 00000001800174e0     inflate.obj
 0002:00003ce0       ?distfix@?1??fixedtables@@9@9 0000000180017ce0     inflate.obj
 0002:00003d60       ?order@?1??inflate@@9@9    0000000180017d60     inflate.obj
 0002:00003d90       ?dext@?1??inflate_table@@9@9 0000000180017d90     inftrees.obj
 0002:00003dd0       ?lext@?1??inflate_table@@9@9 0000000180017dd0     inftrees.obj
 0002:00003e10       ?lbase@?1??inflate_table@@9@9 0000000180017e10     inftrees.obj
 0002:00003e50       ?dbase@?1??inflate_table@@9@9 0000000180017e50     inftrees.obj
 0002:00004190       static_dtree               0000000180018190     trees.obj
 0002:00004210       extra_blbits               0000000180018210     trees.obj
 0002:00004260       extra_lbits                0000000180018260     trees.obj
 0002:000042e0       base_dist                  00000001800182e0     trees.obj
 0002:00004360       base_length                0000000180018360     trees.obj
 0002:000043d8       static_l_desc              00000001800183d8     trees.obj
 0002:000043f8       static_bl_desc             00000001800183f8     trees.obj
 0002:00004420       extra_dbits                0000000180018420     trees.obj
 0002:000044a0       static_ltree               00000001800184a0     trees.obj
 0002:00004920       static_d_desc              0000000180018920     trees.obj
 0002:00004940       bl_order                   0000000180018940     trees.obj
 0002:000054d8       $unwind$adler32_combine_   00000001800194d8     adler32.obj
 0002:000054e0       $unwind$compress2          00000001800194e0     compress.obj
 0002:000054f8       $unwind$compress           00000001800194f8     compress.obj
 0002:00005500       $unwind$x2nmodp            0000000180019500     crc32.obj
 0002:00005508       $chain$0$x2nmodp           0000000180019508     crc32.obj
 0002:0000551c       $chain$1$x2nmodp           000000018001951c     crc32.obj
 0002:0000552c       $unwind$crc32_z            000000018001952c     crc32.obj
 0002:00005538       $chain$3$crc32_z           0000000180019538     crc32.obj
 0002:00005558       $chain$5$crc32_z           0000000180019558     crc32.obj
 0002:00005570       $chain$6$crc32_z           0000000180019570     crc32.obj
 0002:00005580       $chain$7$crc32_z           0000000180019580     crc32.obj
 0002:00005590       $unwind$crc32_combine64    0000000180019590     crc32.obj
 0002:0000559c       $unwind$crc32_combine_op   000000018001959c     crc32.obj
 0002:000055a4       $unwind$slide_hash         00000001800195a4     deflate.obj
 0002:000055ac       $unwind$deflateInit_       00000001800195ac     deflate.obj
 0002:000055b4       $unwind$deflateInit2_      00000001800195b4     deflate.obj
 0002:000055c8       $chain$0$deflateInit2_     00000001800195c8     deflate.obj
 0002:000055dc       $chain$1$deflateInit2_     00000001800195dc     deflate.obj
 0002:000055f0       $chain$2$deflateInit2_     00000001800195f0     deflate.obj
 0002:00005600       $chain$4$deflateInit2_     0000000180019600     deflate.obj
 0002:00005618       $chain$5$deflateInit2_     0000000180019618     deflate.obj
 0002:0000562c       $chain$6$deflateInit2_     000000018001962c     deflate.obj
 0002:0000563c       $unwind$deflateSetDictionary 000000018001963c     deflate.obj
 0002:0000564c       $chain$2$deflateSetDictionary 000000018001964c     deflate.obj
 0002:00005668       $chain$3$deflateSetDictionary 0000000180019668     deflate.obj
 0002:00005678       $unwind$deflateGetDictionary 0000000180019678     deflate.obj
 0002:00005684       $unwind$deflateResetKeep   0000000180019684     deflate.obj
 0002:00005690       $unwind$deflateReset       0000000180019690     deflate.obj
 0002:0000569c       $unwind$deflateSetHeader   000000018001969c     deflate.obj
 0002:000056a4       $unwind$deflatePending     00000001800196a4     deflate.obj
 0002:000056ac       $unwind$deflatePrime       00000001800196ac     deflate.obj
 0002:000056b8       $unwind$deflateParams      00000001800196b8     deflate.obj
 0002:000056d4       $unwind$deflateTune        00000001800196d4     deflate.obj
 0002:000056dc       $unwind$deflateBound       00000001800196dc     deflate.obj
 0002:000056e4       $unwind$flush_pending      00000001800196e4     deflate.obj
 0002:000056f4       $chain$0$flush_pending     00000001800196f4     deflate.obj
 0002:00005708       $chain$1$flush_pending     0000000180019708     deflate.obj
 0002:00005718       $unwind$deflate            0000000180019718     deflate.obj
 0002:00005724       $chain$5$deflate           0000000180019724     deflate.obj
 0002:0000574c       $chain$7$deflate           000000018001974c     deflate.obj
 0002:00005774       $chain$8$deflate           0000000180019774     deflate.obj
 0002:00005788       $chain$9$deflate           0000000180019788     deflate.obj
 0002:00005798       $unwind$deflateEnd         0000000180019798     deflate.obj
 0002:000057ac       $unwind$deflateCopy        00000001800197ac     deflate.obj
 0002:000057b4       $chain$1$deflateCopy       00000001800197b4     deflate.obj
 0002:000057cc       $chain$3$deflateCopy       00000001800197cc     deflate.obj
 0002:000057e4       $chain$4$deflateCopy       00000001800197e4     deflate.obj
 0002:000057f4       $unwind$read_buf           00000001800197f4     deflate.obj
 0002:00005808       $unwind$lm_init            0000000180019808     deflate.obj
 0002:00005814       $unwind$longest_match      0000000180019814     deflate.obj
 0002:00005830       $unwind$fill_window        0000000180019830     deflate.obj
 0002:00005840       $unwind$deflate_stored     0000000180019840     deflate.obj
 0002:00005850       $chain$0$deflate_stored    0000000180019850     deflate.obj
 0002:00005864       $chain$2$deflate_stored    0000000180019864     deflate.obj
 0002:0000587c       $chain$3$deflate_stored    000000018001987c     deflate.obj
 0002:00005890       $chain$4$deflate_stored    0000000180019890     deflate.obj
 0002:000058a4       $unwind$deflate_fast       00000001800198a4     deflate.obj
 0002:000058c0       $unwind$deflate_slow       00000001800198c0     deflate.obj
 0002:000058dc       $unwind$deflate_rle        00000001800198dc     deflate.obj
 0002:000058f8       $unwind$deflate_huff       00000001800198f8     deflate.obj
 0002:00005908       $unwind$vsnprintf          0000000180019908     gzlib.obj
 0002:0000591c       $unwind$snprintf           000000018001991c     gzlib.obj
 0002:0000592c       $unwind$gz_reset           000000018001992c     gzlib.obj
 0002:00005938       $unwind$gz_open            0000000180019938     gzlib.obj
 0002:00005950       $chain$0$gz_open           0000000180019950     gzlib.obj
 0002:00005964       $chain$1$gz_open           0000000180019964     gzlib.obj
 0002:00005974       $chain$2$gz_open           0000000180019974     gzlib.obj
 0002:00005988       $chain$3$gz_open           0000000180019988     gzlib.obj
 0002:00005998       $unwind$gzdopen            0000000180019998     gzlib.obj
 0002:000059a8       $unwind$gzrewind           00000001800199a8     gzlib.obj
 0002:000059b0       $unwind$gzseek64           00000001800199b0     gzlib.obj
 0002:000059c4       $unwind$gzseek             00000001800199c4     gzlib.obj
 0002:000059cc       $unwind$gztell             00000001800199cc     gzlib.obj
 0002:000059d4       $unwind$gzoffset64         00000001800199d4     gzlib.obj
 0002:000059dc       $unwind$gzoffset           00000001800199dc     gzlib.obj
 0002:000059e4       $unwind$gz_error           00000001800199e4     gzlib.obj
 0002:000059f8       $unwind$gz_load            00000001800199f8     gzread.obj
 0002:00005a10       $unwind$gz_avail           0000000180019a10     gzread.obj
 0002:00005a18       $unwind$gz_look            0000000180019a18     gzread.obj
 0002:00005a28       $unwind$gz_decomp          0000000180019a28     gzread.obj
 0002:00005a3c       $unwind$gz_fetch           0000000180019a3c     gzread.obj
 0002:00005a44       $unwind$gz_skip            0000000180019a44     gzread.obj
 0002:00005a50       $unwind$gz_read            0000000180019a50     gzread.obj
 0002:00005a6c       $unwind$gzread             0000000180019a6c     gzread.obj
 0002:00005a74       $unwind$gzfread            0000000180019a74     gzread.obj
 0002:00005a7c       $unwind$gzgetc             0000000180019a7c     gzread.obj
 0002:00005a84       $unwind$gzungetc           0000000180019a84     gzread.obj
 0002:00005a90       $unwind$gzgets             0000000180019a90     gzread.obj
 0002:00005aac       $unwind$gzdirect           0000000180019aac     gzread.obj
 0002:00005ab4       $unwind$gzclose_r          0000000180019ab4     gzread.obj
 0002:00005abc       $chain$1$gzclose_r         0000000180019abc     gzread.obj
 0002:00005ad4       $chain$2$gzclose_r         0000000180019ad4     gzread.obj
 0002:00005ae4       $unwind$gz_init            0000000180019ae4     gzwrite.obj
 0002:00005af8       $unwind$gz_comp            0000000180019af8     gzwrite.obj
 0002:00005b10       $unwind$gz_zero            0000000180019b10     gzwrite.obj
 0002:00005b24       $unwind$gz_write           0000000180019b24     gzwrite.obj
 0002:00005b3c       $unwind$gzwrite            0000000180019b3c     gzwrite.obj
 0002:00005b44       $unwind$gzfwrite           0000000180019b44     gzwrite.obj
 0002:00005b4c       $unwind$gzputc             0000000180019b4c     gzwrite.obj
 0002:00005b58       $unwind$gzputs             0000000180019b58     gzwrite.obj
 0002:00005b60       $chain$0$gzputs            0000000180019b60     gzwrite.obj
 0002:00005b74       $chain$2$gzputs            0000000180019b74     gzwrite.obj
 0002:00005b88       $chain$3$gzputs            0000000180019b88     gzwrite.obj
 0002:00005b98       $unwind$gzvprintf          0000000180019b98     gzwrite.obj
 0002:00005ba8       $chain$1$gzvprintf         0000000180019ba8     gzwrite.obj
 0002:00005bc0       $chain$3$gzvprintf         0000000180019bc0     gzwrite.obj
 0002:00005bd8       $chain$4$gzvprintf         0000000180019bd8     gzwrite.obj
 0002:00005be8       $unwind$gzprintf           0000000180019be8     gzwrite.obj
 0002:00005bf0       $unwind$gzflush            0000000180019bf0     gzwrite.obj
 0002:00005bfc       $unwind$gzsetparams        0000000180019bfc     gzwrite.obj
 0002:00005c10       $unwind$gzclose_w          0000000180019c10     gzwrite.obj
 0002:00005c1c       $unwind$inflateBackInit_   0000000180019c1c     infback.obj
 0002:00005c2c       $chain$1$inflateBackInit_  0000000180019c2c     infback.obj
 0002:00005c44       $chain$3$inflateBackInit_  0000000180019c44     infback.obj
[...]
 0002:00006864       $unwind$zipOpenNewFileInZip3_64 000000018001a864     zip.obj
 0002:0000686c       $unwind$zipOpenNewFileInZip2 000000018001a86c     zip.obj
 0002:00006874       $unwind$zipOpenNewFileInZip2_64 000000018001a874     zip.obj
 0002:0000687c       $unwind$zipOpenNewFileInZip64 000000018001a87c     zip.obj
 0002:00006884       $unwind$zipOpenNewFileInZip 000000018001a884     zip.obj
 0002:0000688c       $unwind$zip64FlushWriteBuffer 000000018001a88c     zip.obj
 0002:00006898       $chain$0$zip64FlushWriteBuffer 000000018001a898     zip.obj
 0002:000068ac       $chain$2$zip64FlushWriteBuffer 000000018001a8ac     zip.obj
 0002:000068c4       $chain$3$zip64FlushWriteBuffer 000000018001a8c4     zip.obj
 0002:000068d4       $chain$4$zip64FlushWriteBuffer 000000018001a8d4     zip.obj
 0002:000068e4       $unwind$zipWriteInFileInZip 000000018001a8e4     zip.obj
 0002:000068f4       $chain$1$zipWriteInFileInZip 000000018001a8f4     zip.obj
 0002:0000690c       $chain$3$zipWriteInFileInZip 000000018001a90c     zip.obj
 0002:00006924       $chain$4$zipWriteInFileInZip 000000018001a924     zip.obj
 0002:00006934       $unwind$zipCloseFileInZipRaw64 000000018001a934     zip.obj
 0002:00006944       $chain$2$zipCloseFileInZipRaw64 000000018001a944     zip.obj
 0002:00006960       $chain$4$zipCloseFileInZipRaw64 000000018001a960     zip.obj
 0002:0000697c       $chain$5$zipCloseFileInZipRaw64 000000018001a97c     zip.obj
 0002:0000698c       $unwind$Write_Zip64EndOfCentralDirectoryLocator 000000018001a98c     zip.obj
 0002:00006998       $unwind$Write_Zip64EndOfCentralDirectoryRecord 000000018001a998     zip.obj
 0002:000069a8       $unwind$Write_EndOfCentralDirectoryRecord 000000018001a9a8     zip.obj
 0002:000069b4       $chain$0$Write_EndOfCentralDirectoryRecord 000000018001a9b4     zip.obj
 0002:000069c8       $chain$2$Write_EndOfCentralDirectoryRecord 000000018001a9c8     zip.obj
 0002:000069e0       $chain$3$Write_EndOfCentralDirectoryRecord 000000018001a9e0     zip.obj
 0002:000069f0       $chain$4$Write_EndOfCentralDirectoryRecord 000000018001a9f0     zip.obj
 0002:00006a00       $unwind$Write_GlobalComment 000000018001aa00     zip.obj
 0002:00006a18       $unwind$zipClose           000000018001aa18     zip.obj
 0002:00006a28       $chain$0$zipClose          000000018001aa28     zip.obj
 0002:00006a3c       $chain$1$zipClose          000000018001aa3c     zip.obj
 0002:00006a50       $chain$2$zipClose          000000018001aa50     zip.obj
 0002:00006a64       $chain$3$zipClose          000000018001aa64     zip.obj
 0002:00006a74       $chain$4$zipClose          000000018001aa74     zip.obj
 0002:00006a84       $chain$5$zipClose          000000018001aa84     zip.obj
 0002:00006a94       $unwind$?dllmain_crt_process_attach@@YAHQEAUHINSTANCE__@@QEAX@Z 000000018001aa94     MSVCRT:dll_dllmain.obj
 0002:00006ad0       $unwind$?fin$0@?0??dllmain_crt_process_attach@@YAHQEAUHINSTANCE__@@QEAX@Z@4HA 000000018001aad0     MSVCRT:dll_dllmain.obj
 0002:00006ad8       $unwind$?dllmain_crt_process_detach@@YAH_N@Z 000000018001aad8     MSVCRT:dll_dllmain.obj
 0002:00006b2c       $unwind$?fin$0@?0??dllmain_crt_process_detach@@YAH_N@Z@4HA 000000018001ab2c     MSVCRT:dll_dllmain.obj
 0002:00006b34       $unwind$?fin$1@?0??dllmain_crt_process_detach@@YAH_N@Z@4HA 000000018001ab34     MSVCRT:dll_dllmain.obj
 0002:00006b3c       $unwind$?dllmain_crt_dispatch@@YAHQEAUHINSTANCE__@@KQEAX@Z 000000018001ab3c     MSVCRT:dll_dllmain.obj
 0002:00006b44       $unwind$?dllmain_dispatch@@YAHQEAUHINSTANCE__@@KQEAX@Z 000000018001ab44     MSVCRT:dll_dllmain.obj
 0002:00006b6c       $unwind$?filt$0@?0??dllmain_dispatch@@YAHQEAUHINSTANCE__@@KQEAX@Z@4HA 000000018001ab6c     MSVCRT:dll_dllmain.obj
 0002:00006b74       $unwind$_DllMainCRTStartup 000000018001ab74     MSVCRT:dll_dllmain.obj
 0002:00006b84       $unwind$__security_init_cookie 000000018001ab84     MSVCRT:gs_support.obj
 0002:00006b90       $unwind$__get_entropy      000000018001ab90     MSVCRT:gs_support.obj
 0002:00006b98       $unwind$DllMain            000000018001ab98     MSVCRT:dll_dllmain_stub.obj
 0002:00006ba0       $unwind$__scrt_initialize_default_local_stdio_options 000000018001aba0     MSVCRT:default_local_stdio_options.obj
 0002:00006ba8       $unwind$atexit             000000018001aba8     MSVCRT:utility.obj
 0002:00006bb0       $unwind$_onexit            000000018001abb0     MSVCRT:utility.obj
 0002:00006bb8       $unwind$__scrt_is_nonwritable_in_current_image 000000018001abb8     MSVCRT:utility.obj
 0002:00006bd8       $unwind$__scrt_is_nonwritable_in_current_image$filt$0 000000018001abd8     MSVCRT:utility.obj
 0002:00006be0       $unwind$__scrt_acquire_startup_lock 000000018001abe0     MSVCRT:utility.obj
 0002:00006be8       $unwind$__scrt_release_startup_lock 000000018001abe8     MSVCRT:utility.obj
 0002:00006bf0       $unwind$__scrt_initialize_crt 000000018001abf0     MSVCRT:utility.obj
 0002:00006bf8       $unwind$__scrt_uninitialize_crt 000000018001abf8     MSVCRT:utility.obj
 0002:00006c00       $unwind$__scrt_initialize_onexit_tables 000000018001ac00     MSVCRT:utility.obj
 0002:00006c08       $unwind$__scrt_dllmain_exception_filter 000000018001ac08     MSVCRT:utility.obj
 0002:00006c1c       $unwind$__scrt_dllmain_before_initialize_c 000000018001ac1c     MSVCRT:utility.obj
 0002:00006c24       $unwind$__scrt_dllmain_after_initialize_c 000000018001ac24     MSVCRT:utility.obj
 0002:00006c2c       $unwind$__scrt_dllmain_uninitialize_c 000000018001ac2c     MSVCRT:utility.obj
 0002:00006c34       $unwind$__scrt_dllmain_uninitialize_critical 000000018001ac34     MSVCRT:utility.obj
 0002:00006c3c       $unwind$__scrt_dllmain_crt_thread_attach 000000018001ac3c     MSVCRT:utility.obj
 0002:00006c44       $unwind$__scrt_dllmain_crt_thread_detach 000000018001ac44     MSVCRT:utility.obj
 0002:00006c4c       $unwind$?configure_argv@__scrt_narrow_argv_policy@@SAHXZ 000000018001ac4c     MSVCRT:utility.obj
 0002:00006c54       $unwind$__scrt_get_show_window_mode 000000018001ac54     MSVCRT:utility_desktop.obj
 0002:00006c5c       $unwind$__scrt_is_managed_app 000000018001ac5c     MSVCRT:utility_desktop.obj
 0002:00006c64       $unwind$__scrt_fastfail    000000018001ac64     MSVCRT:utility_desktop.obj
 0002:00006c74       $unwind$__scrt_unhandled_exception_filter 000000018001ac74     MSVCRT:utility_desktop.obj
 0002:00006c80       $unwind$_RTC_Initialize    000000018001ac80     MSVCRT:initsect.obj
 0002:00006c8c       $unwind$_RTC_Terminate     000000018001ac8c     MSVCRT:initsect.obj
 0002:00006c98       $unwind$__castguard_check_failure_os_handled_wrapper 000000018001ac98     MSVCRT:guard_support.obj
 0002:00006ca0       $unwind$__castguard_check_failure_os_handled 000000018001aca0     MSVCRT:guard_support.obj
 0002:00006ca8       $unwind$__castguard_slow_path_check_os_handled 000000018001aca8     MSVCRT:guard_support.obj
 0002:00006cb0       $unwind$__isa_available_init 000000018001acb0     MSVCRT:cpu_disp.obj
 0002:00006cc0       $xdatasym                  000000018001acc0     MSVCRT:guard_dispatch.obj
 0002:00006cc8       $xdatasym                  000000018001acc8     MSVCRT:guard_xfg_dispatch.obj
 0002:00006cd0       $xdatasym                  000000018001acd0     MSVCRT:chkstk.obj
 0002:00006ce0       .edata                     000000018001ace0     zlibwapi.exp
 0002:00006d08       rgpv                       000000018001ad08     zlibwapi.exp
 0002:00006fd0       rgszName                   000000018001afd0     zlibwapi.exp
 0002:000071e0       rgwOrd                     000000018001b1e0     zlibwapi.exp
 0002:000072e8       szName                     000000018001b2e8     zlibwapi.exp
 0002:000072f5       $N00001                    000000018001b2f5     zlibwapi.exp
 0002:000072fd       $N00140                    000000018001b2fd     zlibwapi.exp
 0002:0000730d       $N00174                    000000018001b30d     zlibwapi.exp
 0002:00007317       $N00002                    000000018001b317     zlibwapi.exp
 0002:00007320       $N00039                    000000018001b320     zlibwapi.exp
 0002:0000732a       $N00046                    000000018001b32a     zlibwapi.exp
 0002:00007338       $N00003                    000000018001b338     zlibwapi.exp
 0002:0000733e       $N00142                    000000018001b33e     zlibwapi.exp
 0002:0000734c       $N00176                    000000018001b34c     zlibwapi.exp
 0002:0000735e       $N00177                    000000018001b35e     zlibwapi.exp
 0002:00007372       $N00178                    000000018001b372     zlibwapi.exp
 0002:00007383       $N00175                    000000018001b383     zlibwapi.exp
 0002:0000738b       $N00004                    000000018001b38b     zlibwapi.exp
 0002:00007393       $N00047                    000000018001b393     zlibwapi.exp
 0002:000073a0       $N00005                    000000018001b3a0     zlibwapi.exp
 0002:000073ac       $N00006                    000000018001b3ac     zlibwapi.exp
 0002:000073b7       $N00173                    000000018001b3b7     zlibwapi.exp
 0002:000073cc       $N00007                    000000018001b3cc     zlibwapi.exp
 0002:000073da       $N00008                    000000018001b3da     zlibwapi.exp
 0002:000073e7       $N00009                    000000018001b3e7     zlibwapi.exp
 0002:000073f5       $N00052                    000000018001b3f5     zlibwapi.exp
 0002:00007404       $N00051                    000000018001b404     zlibwapi.exp
 0002:00007411       $N00010                    000000018001b411     zlibwapi.exp
 0002:0000741e       $N00164                    000000018001b41e     zlibwapi.exp
 0002:0000742f       $N00011                    000000018001b42f     zlibwapi.exp
 0002:00007444       $N00144                    000000018001b444     zlibwapi.exp
 0002:00007455       $N00145                    000000018001b455     zlibwapi.exp
 0002:00007461       $N00110                    000000018001b461     zlibwapi.exp
 0002:00007475       $N00111                    000000018001b475     zlibwapi.exp
 0002:0000748b       $N00112                    000000018001b48b     zlibwapi.exp
 0002:000074a2       $N00113                    000000018001b4a2     zlibwapi.exp
 0002:000074b9       $N00038                    000000018001b4b9     zlibwapi.exp
 0002:000074c7       $N00146                    000000018001b4c7     zlibwapi.exp
 0002:000074d0       $N00048                    000000018001b4d0     zlibwapi.exp
 0002:000074db       $N00012                    000000018001b4db     zlibwapi.exp
 0002:000074e3       $N00147                    000000018001b4e3     zlibwapi.exp
 0002:000074ed       $N00148                    000000018001b4ed     zlibwapi.exp
 0002:000074f7       $N00149                    000000018001b4f7     zlibwapi.exp
 0002:00007500       $N00013                    000000018001b500     zlibwapi.exp
 0002:00007508       $N00034                    000000018001b508     zlibwapi.exp
 0002:0000750e       $N00014                    000000018001b50e     zlibwapi.exp
 0002:00007516       $N00015                    000000018001b516     zlibwapi.exp
 0002:0000751e       $N00171                    000000018001b51e     zlibwapi.exp
 0002:00007526       $N00172                    000000018001b526     zlibwapi.exp
 0002:0000752f       $N00030                    000000018001b52f     zlibwapi.exp
 0002:00007536       $N00161                    000000018001b536     zlibwapi.exp
 0002:0000753e       $N00041                    000000018001b53e     zlibwapi.exp
 0002:00007545       $N00150                    000000018001b545     zlibwapi.exp
 0002:0000754e       $N00016                    000000018001b54e     zlibwapi.exp
 0002:00007555       $N00165                    000000018001b555     zlibwapi.exp
 0002:0000755e       $N00028                    000000018001b55e     zlibwapi.exp
 0002:00007567       $N00029                    000000018001b567     zlibwapi.exp
 0002:0000756e       $N00040                    000000018001b56e     zlibwapi.exp
 0002:00007575       $N00017                    000000018001b575     zlibwapi.exp
 0002:0000757c       $N00032                    000000018001b57c     zlibwapi.exp
 0002:00007585       $N00031                    000000018001b585     zlibwapi.exp
 0002:0000758c       $N00035                    000000018001b58c     zlibwapi.exp
 0002:00007598       $N00033                    000000018001b598     zlibwapi.exp
 0002:0000759f       $N00049                    000000018001b59f     zlibwapi.exp
 0002:000075a8       $N00167                    000000018001b5a8     zlibwapi.exp
 0002:000075b2       $N00018                    000000018001b5b2     zlibwapi.exp
 0002:000075ba       $N00019                    000000018001b5ba     zlibwapi.exp
 0002:000075c2       $N00044                    000000018001b5c2     zlibwapi.exp
 0002:000075ce       $N00045                    000000018001b5ce     zlibwapi.exp
 0002:000075dd       $N00043                    000000018001b5dd     zlibwapi.exp
 0002:000075ee       $N00168                    000000018001b5ee     zlibwapi.exp
 0002:000075ff       $N00042                    000000018001b5ff     zlibwapi.exp
 0002:0000760b       $N00020                    000000018001b60b     zlibwapi.exp
 0002:00007616       $N00166                    000000018001b616     zlibwapi.exp
 0002:0000762b       $N00156                    000000018001b62b     zlibwapi.exp
 0002:0000763c       $N00021                    000000018001b63c     zlibwapi.exp
 0002:0000764a       $N00022                    000000018001b64a     zlibwapi.exp
 0002:00007657       $N00157                    000000018001b657     zlibwapi.exp
 0002:00007663       $N00158                    000000018001b663     zlibwapi.exp
 0002:00007670       $N00023                    000000018001b670     zlibwapi.exp
 0002:0000767d       $N00159                    000000018001b67d     zlibwapi.exp
 0002:0000768b       $N00163                    000000018001b68b     zlibwapi.exp
 0002:0000769c       $N00024                    000000018001b69c     zlibwapi.exp
 0002:000076b1       $N00025                    000000018001b6b1     zlibwapi.exp
 0002:000076bd       $N00037                    000000018001b6bd     zlibwapi.exp
 0002:000076ce       $N00160                    000000018001b6ce     zlibwapi.exp
 0002:000076df       $N00169                    000000018001b6df     zlibwapi.exp
 0002:000076ef       $N00026                    000000018001b6ef     zlibwapi.exp
 0002:000076fa       $N00170                    000000018001b6fa     zlibwapi.exp
 0002:00007706       $N00062                    000000018001b706     zlibwapi.exp
 0002:0000770f       $N00072                    000000018001b70f     zlibwapi.exp
 0002:00007723       $N00064                    000000018001b723     zlibwapi.exp
 0002:00007739       $N00124                    000000018001b739     zlibwapi.exp
 0002:00007751       $N00125                    000000018001b751     zlibwapi.exp
 0002:0000776f       $N00100                    000000018001b76f     zlibwapi.exp
 0002:0000777d       $N00127                    000000018001b77d     zlibwapi.exp
 0002:0000778d       $N00073                    000000018001b78d     zlibwapi.exp
 0002:000077a1       $N00063                    000000018001b7a1     zlibwapi.exp
 0002:000077b2       $N00122                    000000018001b7b2     zlibwapi.exp
 0002:000077c5       $N00076                    000000018001b7c5     zlibwapi.exp
 0002:000077db       $N00101                    000000018001b7db     zlibwapi.exp
 0002:000077ea       $N00128                    000000018001b7ea     zlibwapi.exp
 0002:000077fb       $N00065                    000000018001b7fb     zlibwapi.exp
 0002:0000780c       $N00066                    000000018001b80c     zlibwapi.exp
 0002:0000781c       $N00075                    000000018001b81c     zlibwapi.exp
 0002:0000782a       $N00061                    000000018001b82a     zlibwapi.exp
 0002:00007832       $N00077                    000000018001b832     zlibwapi.exp
 0002:0000783b       $N00121                    000000018001b83b     zlibwapi.exp
 0002:00007847       $N00120                    000000018001b847     zlibwapi.exp
 0002:00007851       $N00067                    000000018001b851     zlibwapi.exp
 0002:00007864       $N00078                    000000018001b864     zlibwapi.exp
 0002:00007878       $N00069                    000000018001b878     zlibwapi.exp
 0002:0000788c       $N00079                    000000018001b88c     zlibwapi.exp
 0002:000078a7       $N00068                    000000018001b8a7     zlibwapi.exp
 0002:000078ba       $N00074                    000000018001b8ba     zlibwapi.exp
 0002:000078d3       $N00071                    000000018001b8d3     zlibwapi.exp
 0002:000078da       $N00070                    000000018001b8da     zlibwapi.exp
 0002:000078e2       $N00126                    000000018001b8e2     zlibwapi.exp
 0002:000078ec       $N00036                    000000018001b8ec     zlibwapi.exp
 0002:000078f3       $N00084                    000000018001b8f3     zlibwapi.exp
 0002:000078fc       $N00083                    000000018001b8fc     zlibwapi.exp
 0002:0000790e       $N00087                    000000018001b90e     zlibwapi.exp
 0002:00007923       $N00136                    000000018001b923     zlibwapi.exp
 0002:0000793a       $N00080                    000000018001b93a     zlibwapi.exp
 0002:00007942       $N00088                    000000018001b942     zlibwapi.exp
 0002:0000794b       $N00131                    000000018001b94b     zlibwapi.exp
 0002:00007957       $N00130                    000000018001b957     zlibwapi.exp
 0002:00007961       $N00081                    000000018001b961     zlibwapi.exp
 0002:00007975       $N00086                    000000018001b975     zlibwapi.exp
 0002:0000798a       $N00133                    000000018001b98a     zlibwapi.exp
 0002:000079a2       $N00089                    000000018001b9a2     zlibwapi.exp
 0002:000079b7       $N00134                    000000018001b9b7     zlibwapi.exp
 0002:000079cf       $N00135                    000000018001b9cf     zlibwapi.exp
 0002:000079e7       $N00132                    000000018001b9e7     zlibwapi.exp
 0002:000079fd       $N00082                    000000018001b9fd     zlibwapi.exp
 0002:00007a11       $N00050                    000000018001ba11     zlibwapi.exp
 0002:00007a22       $N00027                    000000018001ba22     zlibwapi.exp
 0002:00007d9c       .idata$6                   000000018001bd9c     kernel32:KERNEL32.dll
 0002:00007e20       .idata$6                   000000018001be20     vcruntime:VCRUNTIME140.dll
 0002:0000801c       .idata$6                   000000018001c01c     ucrt:api-ms-win-crt-stdio-l1-1-0.dll
 0002:0000803c       .idata$6                   000000018001c03c     ucrt:api-ms-win-crt-convert-l1-1-0.dll
 0002:0000805e       .idata$6                   000000018001c05e     ucrt:api-ms-win-crt-heap-l1-1-0.dll
 0002:0000807e       .idata$6                   000000018001c07e     ucrt:api-ms-win-crt-runtime-l1-1-0.dll
 0002:000080a0       .idata$6                   000000018001c0a0     ucrt:api-ms-win-crt-utility-l1-1-0.dll
 0002:000080c2       .idata$6                   000000018001c0c2     ucrt:api-ms-win-crt-time-l1-1-0.dll
 0003:00000040       ?__proc_attached@@3HA      000000018001d040     MSVCRT:dll_dllmain.obj
 0003:00000080       ?is_initialized_as_dll@@3_NA 000000018001d080     MSVCRT:utility.obj
 0003:00000081       ?module_local_atexit_table_initialized@@3_NA 000000018001d081     MSVCRT:utility.obj
 0003:00000088       ?module_local_atexit_table@@3U_onexit_table_t@@A 000000018001d088     MSVCRT:utility.obj
 0003:000000a0       ?module_local_at_quick_exit_table@@3U_onexit_table_t@@A 000000018001d0a0     MSVCRT:utility.obj
 0003:000000c0       ?calls@?1??crypthead@@9@9  000000018001d0c0     zip.obj
 0005:00000060       $R000000                   0000000180020060     zlib.res
